###############################################################################
#
# IAR ELF Linker V7.40.3.8902/W32 for ARM                 21/Feb/2018  14:10:20
# Copyright 2007-2015 IAR Systems AB.
#
#    Output file  =  D:\Projects\Vega\nRF52840-Vega\IAR\Debug\Exe\nRF52840.out
#    Map file     =  D:\Projects\Vega\nRF52840-Vega\IAR\Debug\List\nRF52840.map
#    Command line =  
#        D:\Projects\Vega\nRF52840-Vega\IAR\Debug\Obj\app_error.o
#        D:\Projects\Vega\nRF52840-Vega\IAR\Debug\Obj\app_error_weak.o
#        D:\Projects\Vega\nRF52840-Vega\IAR\Debug\Obj\app_util_platform.o
#        D:\Projects\Vega\nRF52840-Vega\IAR\Debug\Obj\ble_flash.o
#        D:\Projects\Vega\nRF52840-Vega\IAR\Debug\Obj\boards.o
#        D:\Projects\Vega\nRF52840-Vega\IAR\Debug\Obj\delay.o
#        D:\Projects\Vega\nRF52840-Vega\IAR\Debug\Obj\dtostrf.o
#        D:\Projects\Vega\nRF52840-Vega\IAR\Debug\Obj\HardwareSerial.o
#        D:\Projects\Vega\nRF52840-Vega\IAR\Debug\Obj\iar_startup_nrf52840.o
#        D:\Projects\Vega\nRF52840-Vega\IAR\Debug\Obj\itoa.o
#        D:\Projects\Vega\nRF52840-Vega\IAR\Debug\Obj\main.o
#        D:\Projects\Vega\nRF52840-Vega\IAR\Debug\Obj\nRF52_FIFO.o
#        D:\Projects\Vega\nRF52840-Vega\IAR\Debug\Obj\nRF52_UART.o
#        D:\Projects\Vega\nRF52840-Vega\IAR\Debug\Obj\nrf_assert.o
#        D:\Projects\Vega\nRF52840-Vega\IAR\Debug\Obj\nrf_drv_clock.o
#        D:\Projects\Vega\nRF52840-Vega\IAR\Debug\Obj\nrf_drv_common.o
#        D:\Projects\Vega\nRF52840-Vega\IAR\Debug\Obj\nrf_drv_comp.o
#        D:\Projects\Vega\nRF52840-Vega\IAR\Debug\Obj\nrf_drv_gpiote.o
#        D:\Projects\Vega\nRF52840-Vega\IAR\Debug\Obj\nrf_drv_i2s.o
#        D:\Projects\Vega\nRF52840-Vega\IAR\Debug\Obj\nrf_drv_lpcomp.o
#        D:\Projects\Vega\nRF52840-Vega\IAR\Debug\Obj\nrf_drv_pdm.o
#        D:\Projects\Vega\nRF52840-Vega\IAR\Debug\Obj\nrf_drv_power.o
#        D:\Projects\Vega\nRF52840-Vega\IAR\Debug\Obj\nrf_drv_ppi.o
#        D:\Projects\Vega\nRF52840-Vega\IAR\Debug\Obj\nrf_drv_pwm.o
#        D:\Projects\Vega\nRF52840-Vega\IAR\Debug\Obj\nrf_drv_qdec.o
#        D:\Projects\Vega\nRF52840-Vega\IAR\Debug\Obj\nrf_drv_qspi.o
#        D:\Projects\Vega\nRF52840-Vega\IAR\Debug\Obj\nrf_drv_rng.o
#        D:\Projects\Vega\nRF52840-Vega\IAR\Debug\Obj\nrf_drv_rtc.o
#        D:\Projects\Vega\nRF52840-Vega\IAR\Debug\Obj\nrf_drv_saadc.o
#        D:\Projects\Vega\nRF52840-Vega\IAR\Debug\Obj\nrf_drv_spi.o
#        D:\Projects\Vega\nRF52840-Vega\IAR\Debug\Obj\nrf_drv_spis.o
#        D:\Projects\Vega\nRF52840-Vega\IAR\Debug\Obj\nrf_drv_swi.o
#        D:\Projects\Vega\nRF52840-Vega\IAR\Debug\Obj\nrf_drv_systick.o
#        D:\Projects\Vega\nRF52840-Vega\IAR\Debug\Obj\nrf_drv_timer.o
#        D:\Projects\Vega\nRF52840-Vega\IAR\Debug\Obj\nrf_drv_twi.o
#        D:\Projects\Vega\nRF52840-Vega\IAR\Debug\Obj\nrf_drv_twis.o
#        D:\Projects\Vega\nRF52840-Vega\IAR\Debug\Obj\nrf_drv_uart.o
#        D:\Projects\Vega\nRF52840-Vega\IAR\Debug\Obj\nrf_drv_uarte.o
#        D:\Projects\Vega\nRF52840-Vega\IAR\Debug\Obj\nrf_drv_usbd.o
#        D:\Projects\Vega\nRF52840-Vega\IAR\Debug\Obj\nrf_drv_wdt.o
#        D:\Projects\Vega\nRF52840-Vega\IAR\Debug\Obj\nrf_ecb.o
#        D:\Projects\Vega\nRF52840-Vega\IAR\Debug\Obj\nrf_nvic.o
#        D:\Projects\Vega\nRF52840-Vega\IAR\Debug\Obj\nrf_nvmc.o
#        D:\Projects\Vega\nRF52840-Vega\IAR\Debug\Obj\nrf_saadc.o
#        D:\Projects\Vega\nRF52840-Vega\IAR\Debug\Obj\nrf_soc.o
#        D:\Projects\Vega\nRF52840-Vega\IAR\Debug\Obj\Print.o
#        D:\Projects\Vega\nRF52840-Vega\IAR\Debug\Obj\radio_config.o
#        D:\Projects\Vega\nRF52840-Vega\IAR\Debug\Obj\sdio.o
#        D:\Projects\Vega\nRF52840-Vega\IAR\Debug\Obj\sdk_mapped_flags.o
#        D:\Projects\Vega\nRF52840-Vega\IAR\Debug\Obj\Stream.o
#        D:\Projects\Vega\nRF52840-Vega\IAR\Debug\Obj\system_nrf52840.o
#        D:\Projects\Vega\nRF52840-Vega\IAR\Debug\Obj\USBSerial.o
#        D:\Projects\Vega\nRF52840-Vega\IAR\Debug\Obj\wirish_digital.o
#        D:\Projects\Vega\nRF52840-Vega\IAR\Debug\Obj\wirish_math.o
#        D:\Projects\Vega\nRF52840-Vega\IAR\Debug\Obj\WString.o -o
#        D:\Projects\Vega\nRF52840-Vega\IAR\Debug\Exe\nRF52840.out --redirect
#        _Printf=_PrintfFull --redirect _Scanf=_ScanfFull --map
#        D:\Projects\Vega\nRF52840-Vega\IAR\Debug\List\nRF52840.map --config
#        "C:\Program Files (x86)\IAR Systems\Embedded Workbench
#        7.2\arm\config\linker\NordicSemiconductor\nrf52840_xxaa.icf"
#        --warnings_are_errors --entry __iar_program_start --inline --vfe
#
###############################################################################

*******************************************************************************
*** RUNTIME MODEL ATTRIBUTES
***

CppFlavor                     = *
__CPP_Language                = EC++
__Heap_Handler                = DLMalloc
__SystemLibrary               = DLib
__dlib_dynamic_initialization = normal


*******************************************************************************
*** PLACEMENT SUMMARY
***

"A1":  place at 0x00000000 { ro section .intvec };
"P1":  place in [from 0x00000000 to 0x000fffff] { ro };
"P2":  place in [from 0x20000000 to 0x2003ffff] { rw, block CSTACK, block HEAP };

  Section            Kind        Address    Size  Object
  -------            ----        -------    ----  ------
"A1":                                      0x200
  .intvec            ro code  0x00000000   0x200  iar_startup_nrf52840.o [1]
                            - 0x00000200   0x200

"P1":                                     0x1090
  .text              ro code  0x00000200   0x4a0  nrf_drv_uarte.o [1]
  .text              ro code  0x000006a0    0x44  nrf_drv_common.o [1]
  .text              ro code  0x000006e4   0x33c  nRF52_UART.o [1]
  .text              ro code  0x00000a20    0xa2  nRF52_FIFO.o [1]
  .text              ro code  0x00000ac2     0x2  iar_startup_nrf52840.o [1]
  .text              ro code  0x00000ac4   0x244  nrf_drv_gpiote.o [1]
  .text              ro code  0x00000d08   0x13c  system_nrf52840.o [1]
  .text              ro code  0x00000e44    0xde  wirish_digital.o [1]
  .text              ro code  0x00000f22     0x2  iar_startup_nrf52840.o [1]
  .text              ro code  0x00000f24    0x94  nrf_drv_clock.o [1]
  .text              ro code  0x00000fb8    0x8e  main.o [1]
  .text              ro code  0x00001046     0x2  iar_startup_nrf52840.o [1]
  .text              ro code  0x00001048    0x68  delay.o [1]
  .text              ro code  0x000010b0    0x50  nrf_drv_swi.o [1]
  .text              ro code  0x00001100    0x40  zero_init3.o [5]
  .text              ro code  0x00001140    0x2c  copy_init3.o [5]
  .text              ro code  0x0000116c    0x28  data_init.o [5]
  .text              ro code  0x00001194    0x22  fpinit_M.o [4]
  .iar.init_table    const    0x000011b8    0x24  - Linker created -
  .text              ro code  0x000011dc     0x2  iar_startup_nrf52840.o [1]
  .text              ro code  0x000011e0    0x1a  cmain.o [5]
  .text              ro code  0x000011fa     0x4  exit.o [3]
  .text              ro code  0x000011fe     0x2  iar_startup_nrf52840.o [1]
  .text              ro code  0x00001200     0xa  cexit.o [5]
  .text              ro code  0x0000120a     0x2  iar_startup_nrf52840.o [1]
  .text              ro code  0x0000120c     0xc  XXexit.o [5]
  .text              ro code  0x00001218    0x10  iar_startup_nrf52840.o [1]
  .text              ro code  0x00001228     0xc  cstartup_M.o [5]
  .text              ro code  0x00001234     0x2  iar_startup_nrf52840.o [1]
  .text              ro code  0x00001236     0x2  iar_startup_nrf52840.o [1]
  .text              ro code  0x00001238     0x2  iar_startup_nrf52840.o [1]
  .text              ro code  0x0000123a     0x2  iar_startup_nrf52840.o [1]
  .text              ro code  0x0000123c     0x2  iar_startup_nrf52840.o [1]
  .text              ro code  0x0000123e     0x2  iar_startup_nrf52840.o [1]
  .text              ro code  0x00001240     0x2  iar_startup_nrf52840.o [1]
  .text              ro code  0x00001242     0x2  iar_startup_nrf52840.o [1]
  .text              ro code  0x00001244     0x2  iar_startup_nrf52840.o [1]
  .text              ro code  0x00001246     0x2  iar_startup_nrf52840.o [1]
  .text              ro code  0x00001248     0x2  iar_startup_nrf52840.o [1]
  .text              ro code  0x0000124a     0x2  iar_startup_nrf52840.o [1]
  .text              ro code  0x0000124c     0x2  iar_startup_nrf52840.o [1]
  .text              ro code  0x0000124e     0x2  iar_startup_nrf52840.o [1]
  .text              ro code  0x00001250     0x2  iar_startup_nrf52840.o [1]
  .text              ro code  0x00001252     0x2  iar_startup_nrf52840.o [1]
  .text              ro code  0x00001254     0x2  iar_startup_nrf52840.o [1]
  .text              ro code  0x00001256     0x2  iar_startup_nrf52840.o [1]
  .text              ro code  0x00001258     0x2  iar_startup_nrf52840.o [1]
  .text              ro code  0x0000125a     0x2  iar_startup_nrf52840.o [1]
  .text              ro code  0x0000125c     0x2  iar_startup_nrf52840.o [1]
  .text              ro code  0x0000125e     0x2  iar_startup_nrf52840.o [1]
  .text              ro code  0x00001260     0x2  iar_startup_nrf52840.o [1]
  .text              ro code  0x00001262     0x2  iar_startup_nrf52840.o [1]
  .text              ro code  0x00001264     0x2  iar_startup_nrf52840.o [1]
  .text              ro code  0x00001266     0x2  iar_startup_nrf52840.o [1]
  .text              ro code  0x00001268     0x2  iar_startup_nrf52840.o [1]
  .text              ro code  0x0000126a     0x2  iar_startup_nrf52840.o [1]
  .text              ro code  0x0000126c     0x2  iar_startup_nrf52840.o [1]
  .text              ro code  0x0000126e     0x2  iar_startup_nrf52840.o [1]
  .text              ro code  0x00001270     0x2  iar_startup_nrf52840.o [1]
  .text              ro code  0x00001272     0x2  iar_startup_nrf52840.o [1]
  .text              ro code  0x00001274     0x2  iar_startup_nrf52840.o [1]
  .text              ro code  0x00001276     0x2  iar_startup_nrf52840.o [1]
  .text              ro code  0x00001278     0x2  iar_startup_nrf52840.o [1]
  .rodata            const    0x0000127a     0x0  zero_init3.o [5]
  .rodata            const    0x0000127a     0x0  copy_init3.o [5]
  Initializer bytes  const    0x0000127c    0x14  <for P2 s0>
                            - 0x00001290  0x1090

"P2":                                     0x2560
  P2 s0                       0x20000000    0x14  <Init block>
    .data            inited   0x20000000    0x10  nrf_drv_uarte.o [1]
    .data            inited   0x20000010     0x4  system_nrf52840.o [1]
  .bss               zero     0x20000014   0x45c  nRF52_UART.o [1]
  .bss               zero     0x20000470    0x68  nrf_drv_gpiote.o [1]
  .bss               zero     0x200004d8    0x40  nrf_drv_uarte.o [1]
  .bss               zero     0x20000518    0x28  nrf_drv_swi.o [1]
  .bss               zero     0x20000540    0x14  nrf_drv_clock.o [1]
  .bss               zero     0x20000554     0x8  delay.o [1]
  CSTACK                      0x20000560  0x2000  <Block>
    CSTACK           uninit   0x20000560  0x2000  <Block tail>
                            - 0x20002560  0x2560


*******************************************************************************
*** INIT TABLE
***

          Address     Size
          -------     ----
Zero (__iar_zero_init3)
    1 destination range, total size 0x548:
          0x20000014  0x548

Copy (__iar_copy_init3)
    1 source range, total size 0x14:
          0x0000127c   0x14
    1 destination range, total size 0x14:
          0x20000000   0x14



*******************************************************************************
*** MODULE SUMMARY
***

    Module                  ro code  ro data  rw data
    ------                  -------  -------  -------
D:\Projects\Vega\nRF52840-Vega\IAR\Debug\Obj: [1]
    delay.o                     104                 8
    iar_startup_nrf52840.o      610
    main.o                      142
    nRF52_FIFO.o                162
    nRF52_UART.o                828             1 116
    nrf_drv_clock.o             148                20
    nrf_drv_common.o             68
    nrf_drv_gpiote.o            580               104
    nrf_drv_swi.o                80                40
    nrf_drv_uarte.o           1 184       16       80
    system_nrf52840.o           316        4        4
    wirish_digital.o            222
    -------------------------------------------------
    Total:                    4 444       20    1 372

command line: [2]
    -------------------------------------------------
    Total:

dl7M_tlf.a: [3]
    exit.o                        4
    -------------------------------------------------
    Total:                        4

m7M_tls.a: [4]
    fpinit_M.o                   34
    -------------------------------------------------
    Total:                       34

rt7M_tl.a: [5]
    XXexit.o                     12
    cexit.o                      10
    cmain.o                      26
    copy_init3.o                 44
    cstartup_M.o                 12
    data_init.o                  40
    zero_init3.o                 64
    -------------------------------------------------
    Total:                      208

    Gaps                          2        2
    Linker created                        38    8 192
-----------------------------------------------------
    Grand Total:              4 692       60    9 564


*******************************************************************************
*** ENTRY LIST
***

Entry                      Address   Size  Type      Object
-----                      -------   ----  ----      ------
.iar.init_table$$Base   0x000011b8          --   Gb  - Linker created -
.iar.init_table$$Limit  0x000011dc          --   Gb  - Linker created -
?main                   0x000011e1         Code  Gb  cmain.o [5]
CSTACK$$Base            0x20000560          --   Gb  - Linker created -
CSTACK$$Limit           0x20002560          --   Gb  - Linker created -
GPIOTE_IRQHandler       0x00000b4f  0x196  Code  Gb  nrf_drv_gpiote.o [1]
POWER_CLOCK_IRQHandler  0x00000f6b   0x46  Code  Gb  nrf_drv_clock.o [1]
Region$$Table$$Base     0x000011b8          --   Gb  - Linker created -
Region$$Table$$Limit    0x000011dc          --   Gb  - Linker created -
SWI0_EGU0_IRQHandler    0x000010cb    0x8  Code  Gb  nrf_drv_swi.o [1]
SWI1_EGU1_IRQHandler    0x000010d3    0x8  Code  Gb  nrf_drv_swi.o [1]
SWI2_EGU2_IRQHandler    0x000010db    0x8  Code  Gb  nrf_drv_swi.o [1]
SWI3_EGU3_IRQHandler    0x000010e3    0x8  Code  Gb  nrf_drv_swi.o [1]
SWI4_EGU4_IRQHandler    0x000010eb    0x8  Code  Gb  nrf_drv_swi.o [1]
SWI5_EGU5_IRQHandler    0x000010f3    0x8  Code  Gb  nrf_drv_swi.o [1]
SysTick_Handler         0x00001079    0xa  Code  Gb  delay.o [1]
SystemCoreClock         0x20000010    0x4  Data  Gb  system_nrf52840.o [1]
SystemInit              0x00000d09   0xf4  Code  Gb  system_nrf52840.o [1]
UARTE0_UART0_IRQHandler
                        0x0000066f    0x6  Code  Gb  nrf_drv_uarte.o [1]
UARTE1_IRQHandler       0x00000675    0x6  Code  Gb  nrf_drv_uarte.o [1]
__Vectors               0x00000000          --   Gb  iar_startup_nrf52840.o [1]
__Vectors_End           0x00000200         Data  Gb  iar_startup_nrf52840.o [1]
__Vectors_Size {Abs}    0x00000200          --   Gb  iar_startup_nrf52840.o [1]
__cmain                 0x000011e1         Code  Gb  cmain.o [5]
__exit                  0x0000120d         Code  Gb  XXexit.o [5]
__iar_copy_init3        0x00001141   0x2c  Code  Gb  copy_init3.o [5]
__iar_data_init3        0x0000116d   0x28  Code  Gb  data_init.o [5]
__iar_init_vfp          0x00001195         Code  Gb  fpinit_M.o [4]
__iar_program_start     0x00001229         Code  Gb  cstartup_M.o [5]
__iar_zero_init3        0x00001101   0x40  Code  Gb  zero_init3.o [5]
__vector_table          0x00000000         Data  Gb  iar_startup_nrf52840.o [1]
_call_main              0x000011ed         Code  Gb  cmain.o [5]
_exit                   0x00001201         Code  Gb  cexit.o [5]
_main                   0x000011f7         Code  Gb  cmain.o [5]
_ulTickCount            0x20000558    0x4  Data  Lc  delay.o [1]
apply_config            0x000002ab   0x74  Code  Gb  nrf_drv_uarte.o [1]
clock_clk_started_notify
                        0x00000f47   0x24  Code  Lc  nrf_drv_clock.o [1]
delay                   0x00001083   0x1e  Code  Gb  delay.o [1]
digitalToggle(unsigned char)
                        0x00000f21    0x2  Code  Gb  wirish_digital.o [1]
exit                    0x000011fb    0x4  Code  Gb  exit.o [3]
fifo_get                0x00000a51   0x14  Code  Gb  nRF52_FIFO.o [1]
fifo_peek               0x00000a3d   0x14  Code  Gb  nRF52_FIFO.o [1]
fifo_put                0x00000a29   0x14  Code  Gb  nRF52_FIFO.o [1]
interrupts_enable       0x0000031f   0x40  Code  Gb  nrf_drv_uarte.o [1]
loop()                  0x00001029   0x12  Code  Gb  main.o [1]
m_cb                    0x20000470   0x68  Data  Lc  nrf_drv_gpiote.o [1]
m_cb                    0x200004d8   0x40  Data  Lc  nrf_drv_uarte.o [1]
m_clock_cb              0x20000540   0x14  Data  Lc  nrf_drv_clock.o [1]
m_drv_state             0x20000518    0x1  Data  Lc  nrf_drv_swi.o [1]
m_swi_flags             0x2000051c    0xc  Data  Lc  nrf_drv_swi.o [1]
m_swi_handlers          0x20000528   0x18  Data  Lc  nrf_drv_swi.o [1]
main                    0x0000103b    0xc  Code  Gb  main.o [1]
nRF52_UART_attachCallback
                        0x000008d7   0x14  Code  Gb  nRF52_UART.o [1]
nRF52_UART_callback     0x20000014   0x18  Data  Gb  nRF52_UART.o [1]
nRF52_UART_get          0x00000939   0x3e  Code  Gb  nRF52_UART.o [1]
nRF52_UART_handler      0x000006e5   0x88  Code  Gb  nRF52_UART.o [1]
nRF52_UART_init         0x00000779  0x15e  Code  Gb  nRF52_UART.o [1]
nRF52_UART_inited_flag  0x2000002c    0x2  Data  Gb  nRF52_UART.o [1]
nRF52_UART_put          0x00000977   0x46  Code  Gb  nRF52_UART.o [1]
nRF52_UART_read         0x000008eb   0x26  Code  Gb  nRF52_UART.o [1]
nRF52_UART_rx_buffer    0x20000070  0x200  Data  Gb  nRF52_UART.o [1]
nRF52_UART_rx_fifo      0x20000030   0x20  Data  Gb  nRF52_UART.o [1]
nRF52_UART_rx_ovf       0x2000002e    0x2  Data  Gb  nRF52_UART.o [1]
nRF52_UART_tx_buffer    0x20000270  0x200  Data  Gb  nRF52_UART.o [1]
nRF52_UART_tx_fifo      0x20000050   0x20  Data  Gb  nRF52_UART.o [1]
nRF52_UART_write        0x00000911   0x28  Code  Gb  nRF52_UART.o [1]
nRF5x_UART_0_handler    0x0000076d    0x6  Code  Gb  nRF52_UART.o [1]
nRF5x_UART_1_handler    0x00000773    0x6  Code  Gb  nRF52_UART.o [1]
nrf52_fifo_get          0x00000aa7   0x1c  Code  Gb  nRF52_FIFO.o [1]
nrf52_fifo_init         0x00000a65   0x22  Code  Gb  nRF52_FIFO.o [1]
nrf52_fifo_length       0x00000a21    0x8  Code  Gb  nRF52_FIFO.o [1]
nrf52_fifo_put          0x00000a87   0x20  Code  Gb  nRF52_FIFO.o [1]
nrf_bitmask_bit_is_set  0x00000b39   0x10  Code  Lc  nrf_drv_gpiote.o [1]
nrf_clock_event_check   0x00000f39    0xe  Code  Lc  nrf_drv_clock.o [1]
nrf_clock_event_clear   0x00000f25   0x14  Code  Lc  nrf_drv_clock.o [1]
nrf_drv_common_irq_enable
                        0x000006a1   0x34  Code  Gb  nrf_drv_common.o [1]
nrf_drv_swi_process     0x000010b1   0x1a  Code  Lc  nrf_drv_swi.o [1]
nrf_drv_uart0           0x20000000    0x8  Data  Gb  nrf_drv_uarte.o [1]
nrf_drv_uart1           0x20000008    0x8  Data  Gb  nrf_drv_uarte.o [1]
nrf_drv_uart_rx_for_uarte
                        0x0000044d   0x94  Code  Gb  nrf_drv_uarte.o [1]
nrf_drv_uart_tx_for_uarte
                        0x000003b7   0x52  Code  Gb  nrf_drv_uarte.o [1]
nrf_drv_uarte_get_instance
                        0x0000029b   0x10  Code  Gb  nrf_drv_uarte.o [1]
nrf_drv_uarte_init      0x0000035f   0x4c  Code  Gb  nrf_drv_uarte.o [1]
nrf_drv_uarte_rx        0x000004e9   0x56  Code  Gb  nrf_drv_uarte.o [1]
nrf_drv_uarte_tx        0x00000409   0x34  Code  Gb  nrf_drv_uarte.o [1]
nrf_drv_uarte_tx_in_progress
                        0x0000043d   0x10  Code  Gb  nrf_drv_uarte.o [1]
nrf_gpio_cfg            0x0000022b   0x30  Code  Lc  nrf_drv_uarte.o [1]
nrf_gpio_cfg(unsigned int, nrf_gpio_pin_dir_t, nrf_gpio_pin_input_t, nrf_gpio_pin_pull_t, nrf_gpio_pin_drive_t, nrf_gpio_pin_sense_t)
                        0x00000e45   0x2e  Code  Lc  wirish_digital.o [1]
nrf_gpio_cfg_input      0x0000026d    0xe  Code  Lc  nrf_drv_uarte.o [1]
nrf_gpio_cfg_input(unsigned int, nrf_gpio_pin_pull_t)
                        0x00000e73   0x10  Code  Lc  wirish_digital.o [1]
nrf_gpio_cfg_output     0x0000025b   0x12  Code  Lc  nrf_drv_uarte.o [1]
nrf_gpio_cfg_sense_input(unsigned int, nrf_gpio_pin_pull_t, nrf_gpio_pin_sense_t)
                        0x00000e83    0xe  Code  Lc  wirish_digital.o [1]
nrf_gpio_cfg_sense_set  0x00000aeb   0x26  Code  Lc  nrf_drv_gpiote.o [1]
nrf_gpio_pin_set        0x00000281   0x1a  Code  Lc  nrf_drv_uarte.o [1]
nrf_gpio_pin_toggle(unsigned int)
                        0x00000e97   0x26  Code  Lc  wirish_digital.o [1]
nrf_gpio_ports_read     0x00000b11   0x28  Code  Lc  nrf_drv_gpiote.o [1]
nrf_gpiote_event_clear  0x00000ad3   0x18  Code  Lc  nrf_drv_gpiote.o [1]
nrf_gpiote_event_is_set
                        0x00000ac5    0xe  Code  Lc  nrf_drv_gpiote.o [1]
nrf_uarte_event_check   0x00000211    0xa  Code  Lc  nrf_drv_uarte.o [1]
nrf_uarte_event_clear   0x00000201   0x10  Code  Lc  nrf_drv_uarte.o [1]
nrf_uarte_hwfc_pins_set
                        0x00000221    0x4  Code  Lc  nrf_drv_uarte.o [1]
nrf_uarte_txrx_pins_set
                        0x0000021b    0x6  Code  Lc  nrf_drv_uarte.o [1]
pinMode(unsigned char, unsigned char)
                        0x00000ec1   0x60  Code  Gb  wirish_digital.o [1]
rx_done_event           0x0000053f   0x1a  Code  Gb  nrf_drv_uarte.o [1]
setup()                 0x00000fe5   0x3a  Code  Gb  main.o [1]
systick_init            0x00001049   0x30  Code  Gb  delay.o [1]
systick_inited          0x20000554    0x1  Data  Gb  delay.o [1]
tx_done_event           0x00000559   0x1e  Code  Gb  nrf_drv_uarte.o [1]
uart_0_handler()        0x00000fb9   0x14  Code  Gb  main.o [1]
uart_1_handler()        0x00000fcd   0x12  Code  Gb  main.o [1]
uarte_irq_handler       0x00000593   0xd8  Code  Gb  nrf_drv_uarte.o [1]


[1] = D:\Projects\Vega\nRF52840-Vega\IAR\Debug\Obj
[2] = command line
[3] = dl7M_tlf.a
[4] = m7M_tls.a
[5] = rt7M_tl.a

  4 692 bytes of readonly  code memory
     60 bytes of readonly  data memory
  9 564 bytes of readwrite data memory

Errors: none
Warnings: none
