###############################################################################
#
# IAR ELF Linker V7.40.3.8902/W32 for ARM                 28/Feb/2018  17:07:55
# Copyright 2007-2015 IAR Systems AB.
#
#    Output file  =  D:\nRF52840-Vega\IAR\Debug\Exe\nRF52840.out
#    Map file     =  D:\nRF52840-Vega\IAR\Debug\List\nRF52840.map
#    Command line =  
#        D:\nRF52840-Vega\IAR\Debug\Obj\app_error.o
#        D:\nRF52840-Vega\IAR\Debug\Obj\app_error_weak.o
#        D:\nRF52840-Vega\IAR\Debug\Obj\app_usbd.o
#        D:\nRF52840-Vega\IAR\Debug\Obj\app_usbd_audio.o
#        D:\nRF52840-Vega\IAR\Debug\Obj\app_usbd_cdc_acm.o
#        D:\nRF52840-Vega\IAR\Debug\Obj\app_usbd_core.o
#        D:\nRF52840-Vega\IAR\Debug\Obj\app_usbd_hid.o
#        D:\nRF52840-Vega\IAR\Debug\Obj\app_usbd_hid_generic.o
#        D:\nRF52840-Vega\IAR\Debug\Obj\app_usbd_hid_kbd.o
#        D:\nRF52840-Vega\IAR\Debug\Obj\app_usbd_hid_mouse.o
#        D:\nRF52840-Vega\IAR\Debug\Obj\app_usbd_msc.o
#        D:\nRF52840-Vega\IAR\Debug\Obj\app_usbd_string_desc.o
#        D:\nRF52840-Vega\IAR\Debug\Obj\app_util_platform.o
#        D:\nRF52840-Vega\IAR\Debug\Obj\ble_flash.o
#        D:\nRF52840-Vega\IAR\Debug\Obj\boards.o
#        D:\nRF52840-Vega\IAR\Debug\Obj\delay.o
#        D:\nRF52840-Vega\IAR\Debug\Obj\dtostrf.o
#        D:\nRF52840-Vega\IAR\Debug\Obj\HardwareSerial.o
#        D:\nRF52840-Vega\IAR\Debug\Obj\iar_startup_nrf52840.o
#        D:\nRF52840-Vega\IAR\Debug\Obj\itoa.o
#        D:\nRF52840-Vega\IAR\Debug\Obj\main.o
#        D:\nRF52840-Vega\IAR\Debug\Obj\nRF5x_FIFO.o
#        D:\nRF52840-Vega\IAR\Debug\Obj\nRF5x_RTC.o
#        D:\nRF52840-Vega\IAR\Debug\Obj\nRF5x_SPI.o
#        D:\nRF52840-Vega\IAR\Debug\Obj\nRF5x_TWI.o
#        D:\nRF52840-Vega\IAR\Debug\Obj\nRF5x_UART.o
#        D:\nRF52840-Vega\IAR\Debug\Obj\nRF5x_USB.o
#        D:\nRF52840-Vega\IAR\Debug\Obj\nrf_assert.o
#        D:\nRF52840-Vega\IAR\Debug\Obj\nrf_drv_clock.o
#        D:\nRF52840-Vega\IAR\Debug\Obj\nrf_drv_common.o
#        D:\nRF52840-Vega\IAR\Debug\Obj\nrf_drv_comp.o
#        D:\nRF52840-Vega\IAR\Debug\Obj\nrf_drv_gpiote.o
#        D:\nRF52840-Vega\IAR\Debug\Obj\nrf_drv_i2s.o
#        D:\nRF52840-Vega\IAR\Debug\Obj\nrf_drv_lpcomp.o
#        D:\nRF52840-Vega\IAR\Debug\Obj\nrf_drv_pdm.o
#        D:\nRF52840-Vega\IAR\Debug\Obj\nrf_drv_power.o
#        D:\nRF52840-Vega\IAR\Debug\Obj\nrf_drv_ppi.o
#        D:\nRF52840-Vega\IAR\Debug\Obj\nrf_drv_pwm.o
#        D:\nRF52840-Vega\IAR\Debug\Obj\nrf_drv_qdec.o
#        D:\nRF52840-Vega\IAR\Debug\Obj\nrf_drv_qspi.o
#        D:\nRF52840-Vega\IAR\Debug\Obj\nrf_drv_rng.o
#        D:\nRF52840-Vega\IAR\Debug\Obj\nrf_drv_rtc.o
#        D:\nRF52840-Vega\IAR\Debug\Obj\nrf_drv_saadc.o
#        D:\nRF52840-Vega\IAR\Debug\Obj\nrf_drv_spi.o
#        D:\nRF52840-Vega\IAR\Debug\Obj\nrf_drv_spis.o
#        D:\nRF52840-Vega\IAR\Debug\Obj\nrf_drv_swi.o
#        D:\nRF52840-Vega\IAR\Debug\Obj\nrf_drv_systick.o
#        D:\nRF52840-Vega\IAR\Debug\Obj\nrf_drv_timer.o
#        D:\nRF52840-Vega\IAR\Debug\Obj\nrf_drv_twi.o
#        D:\nRF52840-Vega\IAR\Debug\Obj\nrf_drv_twis.o
#        D:\nRF52840-Vega\IAR\Debug\Obj\nrf_drv_uarte.o
#        D:\nRF52840-Vega\IAR\Debug\Obj\nrf_drv_usbd.o
#        D:\nRF52840-Vega\IAR\Debug\Obj\nrf_drv_wdt.o
#        D:\nRF52840-Vega\IAR\Debug\Obj\nrf_ecb.o
#        D:\nRF52840-Vega\IAR\Debug\Obj\nrf_nvic.o
#        D:\nRF52840-Vega\IAR\Debug\Obj\nrf_nvmc.o
#        D:\nRF52840-Vega\IAR\Debug\Obj\nrf_saadc.o
#        D:\nRF52840-Vega\IAR\Debug\Obj\nrf_soc.o
#        D:\nRF52840-Vega\IAR\Debug\Obj\Print.o
#        D:\nRF52840-Vega\IAR\Debug\Obj\radio_config.o
#        D:\nRF52840-Vega\IAR\Debug\Obj\sdio.o
#        D:\nRF52840-Vega\IAR\Debug\Obj\sdk_mapped_flags.o
#        D:\nRF52840-Vega\IAR\Debug\Obj\SPIClass.o
#        D:\nRF52840-Vega\IAR\Debug\Obj\Stream.o
#        D:\nRF52840-Vega\IAR\Debug\Obj\system_nrf52840.o
#        D:\nRF52840-Vega\IAR\Debug\Obj\USBSerial.o
#        D:\nRF52840-Vega\IAR\Debug\Obj\wirish_digital.o
#        D:\nRF52840-Vega\IAR\Debug\Obj\wirish_math.o
#        D:\nRF52840-Vega\IAR\Debug\Obj\WString.o -o
#        D:\nRF52840-Vega\IAR\Debug\Exe\nRF52840.out --redirect
#        _Printf=_PrintfFull --redirect _Scanf=_ScanfFull --map
#        D:\nRF52840-Vega\IAR\Debug\List\nRF52840.map --config "C:\Program
#        Files (x86)\IAR Systems\Embedded Workbench
#        7.2\arm\config\linker\NordicSemiconductor\nrf52840_xxaa.icf"
#        --warnings_are_errors --entry __iar_program_start --inline --vfe
#
###############################################################################

*******************************************************************************
*** MESSAGES
***

Error[Li005]: no definition for "nRF5x_USB_CDC_init()" [referenced from
          D:\nRF52840-Vega\IAR\Debug\Obj\main.o]


*******************************************************************************
*** RUNTIME MODEL ATTRIBUTES
***

CppFlavor                     = *
__CPP_Language                = EC++
__Heap_Handler                = DLMalloc
__SystemLibrary               = DLib
__dlib_dynamic_initialization = normal


*******************************************************************************
*** PLACEMENT SUMMARY
***

"A1":  place at 0x00000000 { ro section .intvec };
"P1":  place in [from 0x00000000 to 0x000fffff] { ro };
"P2":  place in [from 0x20000000 to 0x2003ffff] { rw, block CSTACK, block HEAP };

  Section            Kind        Address    Size  Object
  -------            ----        -------    ----  ------
"A1":                                      0x200
  .intvec            ro code  0x00000000   0x200  iar_startup_nrf52840.o [1]
                            - 0x00000200   0x200

"P1":                                     0x2ff4
  .text              ro code  0x00000200   0x9e0  nrf_drv_usbd.o [1]
  .text              ro code  0x00000be0    0x24  app_util_platform.o [1]
  .text              ro code  0x00000c04    0x2c  nrf_drv_systick.o [1]
  .text              ro code  0x00000c30   0x560  nrf_drv_uarte.o [1]
  .text              ro code  0x00001190    0x44  nrf_drv_common.o [1]
  .text              ro code  0x000011d4   0x53c  nrf_drv_twi.o [1]
  .text              ro code  0x00001710   0x478  nRF5x_UART.o [1]
  .text              ro code  0x00001b88    0xa2  nRF5x_FIFO.o [1]
  .text              ro code  0x00001c2a     0x2  iar_startup_nrf52840.o [1]
  .text              ro code  0x00001c2c   0x398  nrf_drv_spi.o [1]
  .text              ro code  0x00001fc4   0x284  nRF5x_RTC.o [1]
  .text              ro code  0x00002248   0x144  nrf_drv_clock.o [1]
  .text              ro code  0x0000238c   0x244  nrf_drv_gpiote.o [1]
  .text              ro code  0x000025d0   0x21c  nRF5x_SPI.o [1]
  .text              ro code  0x000027ec    0x56  ABImemcpy_unaligned.o [5]
  .text              ro code  0x00002842     0x2  iar_startup_nrf52840.o [1]
  .text              ro code  0x00002844   0x20c  main.o [1]
  .text              ro code  0x00002a50    0x68  delay.o [1]
  .text              ro code  0x00002ab8   0x102  nRF5x_TWI.o [1]
  .text              ro code  0x00002bba     0x2  iar_startup_nrf52840.o [1]
  .text              ro code  0x00002bbc   0x120  wirish_digital.o [1]
  .text              ro code  0x00002cdc   0x13c  system_nrf52840.o [1]
  .text              ro code  0x00002e18   0x100  nrf_drv_spis.o [1]
  .text              ro code  0x00002f18    0x1e  app_error.o [1]
  .text              ro code  0x00002f36     0x2  iar_startup_nrf52840.o [1]
  .text              ro code  0x00002f38    0x30  app_error_weak.o [1]
  .text              ro code  0x00002f68    0x50  nrf_drv_swi.o [1]
  .text              ro code  0x00002fb8    0x40  zero_init3.o [5]
  .text              ro code  0x00002ff8    0x2c  copy_init3.o [5]
  .text              ro code  0x00003024    0x28  data_init.o [5]
  .text              ro code  0x0000304c    0x22  fpinit_M.o [4]
  .iar.init_table    const    0x00003070    0x24  - Linker created -
  .text              ro code  0x00003094     0x2  iar_startup_nrf52840.o [1]
  .text              ro code  0x00003098    0x1a  cmain.o [5]
  .text              ro code  0x000030b2     0x4  exit.o [3]
  .text              ro code  0x000030b6     0x2  iar_startup_nrf52840.o [1]
  .text              ro code  0x000030b8     0xa  cexit.o [5]
  .text              ro code  0x000030c2     0x2  iar_startup_nrf52840.o [1]
  .text              ro code  0x000030c4     0xc  XXexit.o [5]
  .text              ro code  0x000030d0    0x10  iar_startup_nrf52840.o [1]
  .text              ro code  0x000030e0     0xc  cstartup_M.o [5]
  .text              ro code  0x000030ec     0x2  iar_startup_nrf52840.o [1]
  .text              ro code  0x000030ee     0x2  iar_startup_nrf52840.o [1]
  .text              ro code  0x000030f0     0x2  iar_startup_nrf52840.o [1]
  .text              ro code  0x000030f2     0x2  iar_startup_nrf52840.o [1]
  .text              ro code  0x000030f4     0x2  iar_startup_nrf52840.o [1]
  .text              ro code  0x000030f6     0x2  iar_startup_nrf52840.o [1]
  .text              ro code  0x000030f8     0x2  iar_startup_nrf52840.o [1]
  .text              ro code  0x000030fa     0x2  iar_startup_nrf52840.o [1]
  .text              ro code  0x000030fc     0x2  iar_startup_nrf52840.o [1]
  .text              ro code  0x000030fe     0x2  iar_startup_nrf52840.o [1]
  .text              ro code  0x00003100     0x2  iar_startup_nrf52840.o [1]
  .text              ro code  0x00003102     0x2  iar_startup_nrf52840.o [1]
  .text              ro code  0x00003104     0x2  iar_startup_nrf52840.o [1]
  .text              ro code  0x00003106     0x2  iar_startup_nrf52840.o [1]
  .text              ro code  0x00003108     0x2  iar_startup_nrf52840.o [1]
  .text              ro code  0x0000310a     0x2  iar_startup_nrf52840.o [1]
  .text              ro code  0x0000310c     0x2  iar_startup_nrf52840.o [1]
  .text              ro code  0x0000310e     0x2  iar_startup_nrf52840.o [1]
  .text              ro code  0x00003110     0x2  iar_startup_nrf52840.o [1]
  .text              ro code  0x00003112     0x2  iar_startup_nrf52840.o [1]
  .text              ro code  0x00003114     0x2  iar_startup_nrf52840.o [1]
  .text              ro code  0x00003116     0x2  iar_startup_nrf52840.o [1]
  .text              ro code  0x00003118     0x2  iar_startup_nrf52840.o [1]
  .text              ro code  0x0000311a     0x2  iar_startup_nrf52840.o [1]
  .text              ro code  0x0000311c     0x2  iar_startup_nrf52840.o [1]
  .text              ro code  0x0000311e     0x2  iar_startup_nrf52840.o [1]
  .text              ro code  0x00003120     0x2  iar_startup_nrf52840.o [1]
  .text              ro code  0x00003122     0x2  iar_startup_nrf52840.o [1]
  .rodata            const    0x00003124     0x0  zero_init3.o [5]
  .rodata            const    0x00003124     0x0  copy_init3.o [5]
  Initializer bytes  const    0x00003124    0xd0  <for P2 s0> (used: 0x0)
                            - 0x000031f4  0x2ff4

"P2":                                     0x2588
  P2 s0                       0x20000000    0xd0  <Init block>
    .data            inited   0x20000000    0x50  nRF5x_SPI.o [1]
    .data            inited   0x20000050    0x20  nRF5x_TWI.o [1]
    .data            inited   0x20000070    0x20  nrf_drv_spi.o [1]
    .data            inited   0x20000090    0x14  nRF5x_RTC.o [1]
    .data            inited   0x200000a4    0x10  nrf_drv_twi.o [1]
    .data            inited   0x200000b4    0x10  nrf_drv_uarte.o [1]
    .data            inited   0x200000c4     0x8  main.o [1]
    .data            inited   0x200000cc     0x4  system_nrf52840.o [1]
  .bss               zero     0x200000d0   0x120  nrf_drv_usbd.o [1]
  .bss               zero     0x200001f0    0xec  nrf_drv_usbd.o [1]
  .bss               zero     0x200002dc    0x90  nrf_drv_spi.o [1]
  .bss               zero     0x2000036c    0x6c  nRF5x_UART.o [1]
  .bss               zero     0x200003d8    0x68  nrf_drv_gpiote.o [1]
  .bss               zero     0x20000440    0x50  nrf_drv_twi.o [1]
  .bss               zero     0x20000490    0x48  nrf_drv_spis.o [1]
  .bss               zero     0x200004d8    0x40  nrf_drv_uarte.o [1]
  .bss               zero     0x20000518    0x28  nrf_drv_swi.o [1]
  .bss               zero     0x20000540    0x14  nRF5x_RTC.o [1]
  .bss               zero     0x20000554    0x14  nrf_drv_clock.o [1]
  .bss               zero     0x20000568     0x8  delay.o [1]
  .bss               zero     0x20000570     0x8  nRF5x_SPI.o [1]
  .bss               zero     0x20000578     0x4  app_util_platform.o [1]
  .bss               zero     0x2000057c     0x4  nRF5x_RTC.o [1]
  .bss               zero     0x20000580     0x4  nRF5x_RTC.o [1]
  .bss               zero     0x20000584     0x2  nRF5x_TWI.o [1]
  .bss               zero     0x20000586     0x1  main.o [1]
  CSTACK                      0x20000588  0x2000  <Block>
    CSTACK           uninit   0x20000588  0x2000  <Block tail>
                            - 0x20002588  0x2588


*******************************************************************************
*** INIT TABLE
***

          Address     Size
          -------     ----
Zero (__iar_zero_init3)
    1 destination range, total size 0x4b7:
          0x200000d0  0x4b7

Copy (__iar_copy_init3)
    1 source range, total size 0xd0:
          0x00003124   0xd0
    1 destination range, total size 0xd0:
          0x20000000   0xd0



*******************************************************************************
*** MODULE SUMMARY
***

    Module                  ro code  ro data  rw data
    ------                  -------  -------  -------
D:\nRF52840-Vega\IAR\Debug\Obj: [1]
    app_error.o                  30
    app_error_weak.o             48
    app_util_platform.o          36                 4
    delay.o                     104                 8
    iar_startup_nrf52840.o      598
    main.o                      524        8        9
    nRF5x_FIFO.o                162
    nRF5x_RTC.o                 644       20       48
    nRF5x_SPI.o                 540       80       88
    nRF5x_TWI.o                 258       32       34
    nRF5x_UART.o              1 144               108
    nrf_drv_clock.o             324                20
    nrf_drv_common.o             68
    nrf_drv_gpiote.o            580               104
    nrf_drv_spi.o               920       32      176
    nrf_drv_spis.o              256                72
    nrf_drv_swi.o                80                40
    nrf_drv_systick.o            44
    nrf_drv_twi.o             1 340       16       96
    nrf_drv_uarte.o           1 376       16       80
    nrf_drv_usbd.o            2 528               524
    system_nrf52840.o           316        4        4
    wirish_digital.o            288
    -------------------------------------------------
    Total:                   12 208      208    1 415

command line: [2]
    -------------------------------------------------
    Total:

dl7M_tlf.a: [3]
    exit.o                        4
    -------------------------------------------------
    Total:                        4

m7M_tls.a: [4]
    fpinit_M.o                   34
    -------------------------------------------------
    Total:                       34

rt7M_tl.a: [5]
    ABImemcpy_unaligned.o        86
    XXexit.o                     12
    cexit.o                      10
    cmain.o                      26
    copy_init3.o                 44
    cstartup_M.o                 12
    data_init.o                  40
    zero_init3.o                 64
    -------------------------------------------------
    Total:                      294

    Gaps                          2        2
    Linker created                        36    8 192
-----------------------------------------------------
    Grand Total:             12 542      246    9 607


*******************************************************************************
*** ENTRY LIST
***

Entry                      Address   Size  Type      Object
-----                      -------   ----  ----      ------
.iar.init_table$$Base   0x00003070          --   Gb  - Linker created -
.iar.init_table$$Limit  0x00003094          --   Gb  - Linker created -
?main                   0x00003099         Code  Gb  cmain.o [5]
AlarmInternal           0x20000090    0xc  Data  Gb  nRF5x_RTC.o [1]
CSTACK$$Base            0x20000588          --   Gb  - Linker created -
CSTACK$$Limit           0x20002588          --   Gb  - Linker created -
GPIOTE_IRQHandler       0x00002417  0x196  Code  Gb  nrf_drv_gpiote.o [1]
NVIC_ClearPendingIRQ    0x00001fd1    0xa  Code  Lc  nRF5x_RTC.o [1]
NVIC_EnableIRQ          0x00001fc5    0xc  Code  Lc  nRF5x_RTC.o [1]
NVIC_SetPriority        0x00001fe3   0x1a  Code  Lc  nRF5x_RTC.o [1]
POWER_CLOCK_IRQHandler  0x0000232f   0x46  Code  Gb  nrf_drv_clock.o [1]
RTC0_IRQHandler         0x000020d7   0x2a  Code  Gb  nRF5x_RTC.o [1]
RTC1_IRQHandler         0x00002101   0x2a  Code  Gb  nRF5x_RTC.o [1]
RTC2_IRQHandler         0x0000212f   0x2a  Code  Gb  nRF5x_RTC.o [1]
Region$$Table$$Base     0x00003070          --   Gb  - Linker created -
Region$$Table$$Limit    0x00003094          --   Gb  - Linker created -
SPIM0_SPIS0_TWIM0_TWIS0_SPI0_TWI0_IRQHandler
                        0x00001f9b    0x6  Code  Gb  nrf_drv_spi.o [1]
SPIM2_SPIS2_SPI2_IRQHandler
                        0x00002f09    0x6  Code  Gb  nrf_drv_spis.o [1]
SPI_init()              0x000028e5    0xc  Code  Gb  main.o [1]
SWI0_EGU0_IRQHandler    0x00002f83    0x8  Code  Gb  nrf_drv_swi.o [1]
SWI1_EGU1_IRQHandler    0x00002f8b    0x8  Code  Gb  nrf_drv_swi.o [1]
SWI2_EGU2_IRQHandler    0x00002f93    0x8  Code  Gb  nrf_drv_swi.o [1]
SWI3_EGU3_IRQHandler    0x00002f9b    0x8  Code  Gb  nrf_drv_swi.o [1]
SWI4_EGU4_IRQHandler    0x00002fa3    0x8  Code  Gb  nrf_drv_swi.o [1]
SWI5_EGU5_IRQHandler    0x00002fab    0x8  Code  Gb  nrf_drv_swi.o [1]
SX1272_readRegister(unsigned char)
                        0x0000288d   0x26  Code  Gb  main.o [1]
SX1272_reset()          0x00002871   0x1c  Code  Gb  main.o [1]
SysTick_Handler         0x00002a81    0xa  Code  Gb  delay.o [1]
SystemCoreClock         0x200000cc    0x4  Data  Gb  system_nrf52840.o [1]
SystemInit              0x00002cdd   0xf4  Code  Gb  system_nrf52840.o [1]
TWI_init()              0x000028f1   0x46  Code  Gb  main.o [1]
TimeInternal            0x20000580    0x4  Data  Gb  nRF5x_RTC.o [1]
UARTE0_UART0_IRQHandler
                        0x0000115d    0x6  Code  Gb  nrf_drv_uarte.o [1]
UARTE1_IRQHandler       0x00001163    0x6  Code  Gb  nrf_drv_uarte.o [1]
UART_init()             0x000028b3   0x32  Code  Gb  main.o [1]
USBD_IRQHandler         0x000008a5  0x154  Code  Gb  nrf_drv_usbd.o [1]
__Vectors               0x00000000          --   Gb  iar_startup_nrf52840.o [1]
__Vectors_End           0x00000200         Data  Gb  iar_startup_nrf52840.o [1]
__Vectors_Size {Abs}    0x00000200          --   Gb  iar_startup_nrf52840.o [1]
__cmain                 0x00003099         Code  Gb  cmain.o [5]
__exit                  0x000030c5         Code  Gb  XXexit.o [5]
__iar_copy_init3        0x00002ff9   0x2c  Code  Gb  copy_init3.o [5]
__iar_data_init3        0x00003025   0x28  Code  Gb  data_init.o [5]
__iar_init_vfp          0x0000304d         Code  Gb  fpinit_M.o [4]
__iar_program_start     0x000030e1         Code  Gb  cstartup_M.o [5]
__iar_unaligned___aeabi_memcpy4
                        0x000027ed         Code  Gb  ABImemcpy_unaligned.o [5]
__iar_unaligned___aeabi_memcpy8
                        0x000027ed         Code  Gb  ABImemcpy_unaligned.o [5]
__iar_zero_init3        0x00002fb9   0x40  Code  Gb  zero_init3.o [5]
__vector_table          0x00000000         Data  Gb  iar_startup_nrf52840.o [1]
_call_main              0x000030a5         Code  Gb  cmain.o [5]
_exit                   0x000030b9         Code  Gb  cexit.o [5]
_main                   0x000030af         Code  Gb  cmain.o [5]
_ulTickCount            0x2000056c    0x4  Data  Lc  delay.o [1]
alarmCallback           0x200000a0    0x4  Data  Gb  nRF5x_RTC.o [1]
app_error_fault_handler
                        0x00002f39   0x30  Code  Wk  app_error_weak.o [1]
app_error_handler_bare  0x00002f19   0x1e  Code  Gb  app_error.o [1]
app_util_critical_region_enter
                        0x00000bfb    0x2  Code  Gb  app_util_platform.o [1]
app_util_critical_region_exit
                        0x00000bfd    0x2  Code  Gb  app_util_platform.o [1]
app_util_disable_irq    0x00000be1    0xc  Code  Gb  app_util_platform.o [1]
app_util_enable_irq     0x00000bed    0xe  Code  Gb  app_util_platform.o [1]
apply_config            0x00000ceb   0x74  Code  Gb  nrf_drv_uarte.o [1]
attachedCallback        0x20000540    0x4  Data  Gb  nRF5x_RTC.o [1]
bit2ep                  0x00000293    0xe  Code  Lc  nrf_drv_usbd.o [1]
clock_clk_started_notify
                        0x0000230b   0x24  Code  Lc  nrf_drv_clock.o [1]
delay                   0x00002a8b   0x1e  Code  Gb  delay.o [1]
digitalToggle(unsigned char)
                        0x00002cdb    0x2  Code  Gb  wirish_digital.o [1]
digitalWrite(unsigned char, unsigned char)
                        0x00002cd9    0x2  Code  Gb  wirish_digital.o [1]
enabledTime             0x20000544    0x4  Data  Gb  nRF5x_RTC.o [1]
ep2bit                  0x00000281   0x12  Code  Lc  nrf_drv_usbd.o [1]
ep_state_access         0x0000026d   0x14  Code  Lc  nrf_drv_usbd.o [1]
ev_accessfault_handler  0x0000074b    0x2  Code  Lc  nrf_drv_usbd.o [1]
ev_dma_epin0_handler    0x00000439   0x30  Code  Lc  nrf_drv_usbd.o [1]
ev_dma_epin1_handler    0x00000469    0x4  Code  Lc  nrf_drv_usbd.o [1]
ev_dma_epin2_handler    0x0000046d    0x4  Code  Lc  nrf_drv_usbd.o [1]
ev_dma_epin3_handler    0x00000471    0x4  Code  Lc  nrf_drv_usbd.o [1]
ev_dma_epin4_handler    0x00000475    0x4  Code  Lc  nrf_drv_usbd.o [1]
ev_dma_epin5_handler    0x00000479    0x4  Code  Lc  nrf_drv_usbd.o [1]
ev_dma_epin6_handler    0x0000047d    0x4  Code  Lc  nrf_drv_usbd.o [1]
ev_dma_epin7_handler    0x00000481    0x4  Code  Lc  nrf_drv_usbd.o [1]
ev_dma_epin8_handler    0x00000485   0x3c  Code  Lc  nrf_drv_usbd.o [1]
ev_dma_epout0_handler   0x000004cd   0x3e  Code  Lc  nrf_drv_usbd.o [1]
ev_dma_epout1_handler   0x0000051b    0x4  Code  Lc  nrf_drv_usbd.o [1]
ev_dma_epout2_handler   0x0000051f    0x4  Code  Lc  nrf_drv_usbd.o [1]
ev_dma_epout3_handler   0x00000523    0x4  Code  Lc  nrf_drv_usbd.o [1]
ev_dma_epout4_handler   0x00000527    0x4  Code  Lc  nrf_drv_usbd.o [1]
ev_dma_epout5_handler   0x0000052b    0x4  Code  Lc  nrf_drv_usbd.o [1]
ev_dma_epout6_handler   0x0000052f    0x4  Code  Lc  nrf_drv_usbd.o [1]
ev_dma_epout7_handler   0x00000533    0x4  Code  Lc  nrf_drv_usbd.o [1]
ev_dma_epout8_handler   0x00000537   0x3c  Code  Lc  nrf_drv_usbd.o [1]
ev_epdata_handler       0x000006eb   0x3e  Code  Lc  nrf_drv_usbd.o [1]
ev_setup_data_handler   0x000005eb   0x18  Code  Lc  nrf_drv_usbd.o [1]
ev_setup_handler        0x00000603   0x80  Code  Lc  nrf_drv_usbd.o [1]
ev_sof_handler          0x00000573   0x3e  Code  Lc  nrf_drv_usbd.o [1]
ev_started_handler      0x0000038d   0x20  Code  Lc  nrf_drv_usbd.o [1]
ev_usbevent_handler     0x0000068f   0x52  Code  Lc  nrf_drv_usbd.o [1]
ev_usbreset_handler     0x0000036d   0x1c  Code  Lc  nrf_drv_usbd.o [1]
exit                    0x000030b3    0x4  Code  Gb  exit.o [3]
fifo_get                0x00001bb9   0x14  Code  Gb  nRF5x_FIFO.o [1]
fifo_peek               0x00001ba5   0x14  Code  Gb  nRF5x_FIFO.o [1]
fifo_put                0x00001b91   0x14  Code  Gb  nRF5x_FIFO.o [1]
interrupts_disable      0x00000d9f   0x22  Code  Gb  nrf_drv_uarte.o [1]
interrupts_enable       0x00000d5f   0x40  Code  Gb  nrf_drv_uarte.o [1]
irq_handler_spim        0x00001f5f   0x34  Code  Lc  nrf_drv_spi.o [1]
isSleep                 0x20000586    0x1  Data  Gb  main.o [1]
item_enqueue            0x0000229d   0x16  Code  Lc  nrf_drv_clock.o [1]
loop()                  0x000029a9   0x4e  Code  Gb  main.o [1]
m_bus_suspend           0x200001f1    0x1  Data  Lc  nrf_drv_usbd.o [1]
m_cb                    0x200003d8   0x68  Data  Lc  nrf_drv_gpiote.o [1]
m_cb                    0x200002dc   0x90  Data  Lc  nrf_drv_spi.o [1]
m_cb                    0x20000490   0x48  Data  Lc  nrf_drv_spis.o [1]
m_cb                    0x20000440   0x50  Data  Lc  nrf_drv_twi.o [1]
m_cb                    0x200004d8   0x40  Data  Lc  nrf_drv_uarte.o [1]
m_clock_cb              0x20000554   0x14  Data  Lc  nrf_drv_clock.o [1]
m_dma_pending           0x200001f3    0x1  Data  Lc  nrf_drv_usbd.o [1]
m_drv_state             0x20000518    0x1  Data  Lc  nrf_drv_swi.o [1]
m_drv_state             0x200001f0    0x1  Data  Lc  nrf_drv_usbd.o [1]
m_ep_consumer_state     0x20000270   0x6c  Data  Gb  nrf_drv_usbd.o [1]
m_ep_dma_waiting        0x200001fc    0x4  Data  Lc  nrf_drv_usbd.o [1]
m_ep_feeder_state       0x20000204   0x6c  Data  Gb  nrf_drv_usbd.o [1]
m_ep_ready              0x200001f8    0x4  Data  Lc  nrf_drv_usbd.o [1]
m_ep_state              0x200000d0  0x120  Data  Lc  nrf_drv_usbd.o [1]
m_event_handler         0x200001f4    0x4  Data  Lc  nrf_drv_usbd.o [1]
m_in_critical_region    0x20000578    0x4  Data  Lc  app_util_platform.o [1]
m_isr                   0x00000b78   0x68  Data  Lc  nrf_drv_usbd.o [1]
m_last_setup_dir        0x200001f2    0x1  Data  Lc  nrf_drv_usbd.o [1]
m_simulated_dataepstatus
                        0x20000200    0x4  Data  Lc  nrf_drv_usbd.o [1]
m_swi_flags             0x2000051c    0xc  Data  Lc  nrf_drv_swi.o [1]
m_swi_handlers          0x20000528   0x18  Data  Lc  nrf_drv_swi.o [1]
main                    0x00002a39    0xc  Code  Gb  main.o [1]
nRF5x_FIFO_get          0x00001c0f   0x1c  Code  Gb  nRF5x_FIFO.o [1]
nRF5x_FIFO_init         0x00001bcd   0x22  Code  Gb  nRF5x_FIFO.o [1]
nRF5x_FIFO_length       0x00001b89    0x8  Code  Gb  nRF5x_FIFO.o [1]
nRF5x_FIFO_put          0x00001bef   0x20  Code  Gb  nRF5x_FIFO.o [1]
nRF5x_RTC_TIME_handler  0x00002159   0x62  Code  Gb  nRF5x_RTC.o [1]
nRF5x_RTC_enableTime    0x000021bb   0x28  Code  Gb  nRF5x_RTC.o [1]
nRF5x_RTC_getSecond     0x000021f5    0x6  Code  Gb  nRF5x_RTC.o [1]
nRF5x_RTC_init          0x0000200d   0xb4  Code  Gb  nRF5x_RTC.o [1]
nRF5x_RTC_inited        0x2000057c    0x4  Data  Gb  nRF5x_RTC.o [1]
nRF5x_RTC_resetTime     0x000021e3    0x8  Code  Gb  nRF5x_RTC.o [1]
nRF5x_RTC_setAlarm      0x000021fb   0x14  Code  Gb  nRF5x_RTC.o [1]
nRF5x_RTC_setTimeValue  0x000021eb    0xa  Code  Gb  nRF5x_RTC.o [1]
nRF5x_RTC_start         0x000020c1   0x10  Code  Gb  nRF5x_RTC.o [1]
nRF5x_SPI_0_handler     0x000025db    0x6  Code  Gb  nRF5x_SPI.o [1]
nRF5x_SPI_1_handler     0x000025e1    0x6  Code  Gb  nRF5x_SPI.o [1]
nRF5x_SPI_2_handler     0x000025e7    0x6  Code  Gb  nRF5x_SPI.o [1]
nRF5x_SPI_3_handler     0x000025ed    0x6  Code  Gb  nRF5x_SPI.o [1]
nRF5x_SPI_begin         0x00002691   0x3c  Code  Gb  nRF5x_SPI.o [1]
nRF5x_SPI_deinit        0x0000272d   0x2e  Code  Gb  nRF5x_SPI.o [1]
nRF5x_SPI_handler       0x000025d1    0xa  Code  Gb  nRF5x_SPI.o [1]
nRF5x_SPI_init          0x000026cd   0x60  Code  Gb  nRF5x_SPI.o [1]
nRF5x_SPI_inited_flag   0x20000570    0x4  Data  Gb  nRF5x_SPI.o [1]
nRF5x_SPI_transfer      0x000027cd   0x20  Code  Gb  nRF5x_SPI.o [1]
nRF5x_SPI_wait_xfer     0x000025f5   0x9c  Code  Gb  nRF5x_SPI.o [1]
nRF5x_SPI_writeRead     0x0000275b   0x52  Code  Gb  nRF5x_SPI.o [1]
nRF5x_TWI_begin         0x00002ab9   0x18  Code  Gb  nRF5x_TWI.o [1]
nRF5x_TWI_beginTransmission
                        0x00002b8b   0x30  Code  Gb  nRF5x_TWI.o [1]
nRF5x_TWI_deinit        0x00002b19   0x2e  Code  Gb  nRF5x_TWI.o [1]
nRF5x_TWI_init          0x00002ad1   0x48  Code  Gb  nRF5x_TWI.o [1]
nRF5x_TWI_inited_flag   0x20000584    0x2  Data  Gb  nRF5x_TWI.o [1]
nRF5x_TWI_setFreq       0x00002b47   0x2a  Code  Gb  nRF5x_TWI.o [1]
nRF5x_UART_0_handler    0x0000179b    0x6  Code  Gb  nRF5x_UART.o [1]
nRF5x_UART_1_handler    0x000017a1    0x6  Code  Gb  nRF5x_UART.o [1]
nRF5x_UART_attachCallback
                        0x0000193d   0x1a  Code  Gb  nRF5x_UART.o [1]
nRF5x_UART_callback     0x2000036c   0x18  Data  Gb  nRF5x_UART.o [1]
nRF5x_UART_deinit       0x00001911   0x2c  Code  Gb  nRF5x_UART.o [1]
nRF5x_UART_get          0x000019af   0x4c  Code  Gb  nRF5x_UART.o [1]
nRF5x_UART_handler      0x00001711   0x8a  Code  Gb  nRF5x_UART.o [1]
nRF5x_UART_init         0x000017a7  0x16a  Code  Gb  nRF5x_UART.o [1]
nRF5x_UART_inited_flag  0x20000384    0x2  Data  Gb  nRF5x_UART.o [1]
nRF5x_UART_put          0x00001a07   0x80  Code  Gb  nRF5x_UART.o [1]
nRF5x_UART_read         0x00001957   0x26  Code  Gb  nRF5x_UART.o [1]
nRF5x_UART_rx_buffer    0x200003c8    0x8  Data  Gb  nRF5x_UART.o [1]
nRF5x_UART_rx_fifo      0x20000388   0x20  Data  Gb  nRF5x_UART.o [1]
nRF5x_UART_rx_ovf       0x20000386    0x2  Data  Gb  nRF5x_UART.o [1]
nRF5x_UART_tx_buffer    0x200003d0    0x8  Data  Gb  nRF5x_UART.o [1]
nRF5x_UART_tx_fifo      0x200003a8   0x20  Data  Gb  nRF5x_UART.o [1]
nRF5x_UART_wait_tx      0x00001a89   0xac  Code  Gb  nRF5x_UART.o [1]
nRF5x_UART_write        0x0000197d   0x32  Code  Gb  nRF5x_UART.o [1]
nRF5x_spi_config        0x20000000   0x50  Data  Gb  nRF5x_SPI.o [1]
nRF5x_twi_config        0x20000050   0x20  Data  Gb  nRF5x_TWI.o [1]
nrf_atomic_u32_and      0x0000024d   0x18  Code  Lc  nrf_drv_usbd.o [1]
nrf_bitmask_bit_is_set  0x00002401   0x10  Code  Lc  nrf_drv_gpiote.o [1]
nrf_clock_event_check   0x0000225d    0xe  Code  Lc  nrf_drv_clock.o [1]
nrf_clock_event_clear   0x00002249   0x14  Code  Lc  nrf_drv_clock.o [1]
nrf_delay_us            0x0000122d   0x88  Code  Lc  nrf_drv_twi.o [1]
nrf_drv_clock_init      0x0000226b   0x32  Code  Gb  nrf_drv_clock.o [1]
nrf_drv_clock_lfclk_request
                        0x000022b3   0x48  Code  Gb  nrf_drv_clock.o [1]
nrf_drv_common_irq_enable
                        0x00001191   0x34  Code  Gb  nrf_drv_common.o [1]
nrf_drv_spi0            0x20000070    0x8  Data  Gb  nrf_drv_spi.o [1]
nrf_drv_spi1            0x20000078    0x8  Data  Gb  nrf_drv_spi.o [1]
nrf_drv_spi2            0x20000080    0x8  Data  Gb  nrf_drv_spi.o [1]
nrf_drv_spi3            0x20000088    0x8  Data  Gb  nrf_drv_spi.o [1]
nrf_drv_spi_get_instance
                        0x00001cb1   0x22  Code  Gb  nrf_drv_spi.o [1]
nrf_drv_spi_init        0x00001cd3   0xfe  Code  Gb  nrf_drv_spi.o [1]
nrf_drv_spi_transfer    0x00001e35   0x1e  Code  Gb  nrf_drv_spi.o [1]
nrf_drv_spi_uninit      0x00001dd1   0x64  Code  Gb  nrf_drv_spi.o [1]
nrf_drv_spi_xfer        0x00001f05   0x5a  Code  Gb  nrf_drv_spi.o [1]
nrf_drv_swi_process     0x00002f69   0x1a  Code  Lc  nrf_drv_swi.o [1]
nrf_drv_systick_delay_ticks
                        0x00000c05   0x12  Code  Gb  nrf_drv_systick.o [1]
nrf_drv_systick_delay_us
                        0x00000c17    0xe  Code  Gb  nrf_drv_systick.o [1]
nrf_drv_twi0            0x200000a4    0x8  Data  Gb  nrf_drv_twi.o [1]
nrf_drv_twi1            0x200000ac    0x8  Data  Gb  nrf_drv_twi.o [1]
nrf_drv_twi_disable     0x0000144f   0x30  Code  Gb  nrf_drv_twi.o [1]
nrf_drv_twi_enable      0x00001433   0x1c  Code  Gb  nrf_drv_twi.o [1]
nrf_drv_twi_get_instance
                        0x000012b5   0x12  Code  Gb  nrf_drv_twi.o [1]
nrf_drv_twi_init        0x00001367   0x72  Code  Gb  nrf_drv_twi.o [1]
nrf_drv_twi_rx          0x000016a7   0x16  Code  Gb  nrf_drv_twi.o [1]
nrf_drv_twi_uninit      0x000013d9   0x5a  Code  Gb  nrf_drv_twi.o [1]
nrf_drv_twi_xfer        0x0000168d   0x1a  Code  Gb  nrf_drv_twi.o [1]
nrf_drv_uart0           0x200000b4    0x8  Data  Gb  nrf_drv_uarte.o [1]
nrf_drv_uart1           0x200000bc    0x8  Data  Gb  nrf_drv_uarte.o [1]
nrf_drv_uart_rx_for_uarte
                        0x00000f3b   0x94  Code  Gb  nrf_drv_uarte.o [1]
nrf_drv_uart_tx_for_uarte
                        0x00000ea5   0x52  Code  Gb  nrf_drv_uarte.o [1]
nrf_drv_uarte_get_instance
                        0x00000cdb   0x10  Code  Gb  nrf_drv_uarte.o [1]
nrf_drv_uarte_init      0x00000e23   0x4c  Code  Gb  nrf_drv_uarte.o [1]
nrf_drv_uarte_rx        0x00000fd7   0x56  Code  Gb  nrf_drv_uarte.o [1]
nrf_drv_uarte_tx        0x00000ef7   0x34  Code  Gb  nrf_drv_uarte.o [1]
nrf_drv_uarte_tx_in_progress
                        0x00000f2b   0x10  Code  Gb  nrf_drv_uarte.o [1]
nrf_drv_uarte_uninit    0x00000e7b   0x2a  Code  Gb  nrf_drv_uarte.o [1]
nrf_drv_usbd_epout_size_get
                        0x00000a0d   0x1c  Code  Gb  nrf_drv_usbd.o [1]
nrf_drv_usbd_errata_type_52840_proto1
                        0x00000221   0x2a  Code  Lc  nrf_drv_usbd.o [1]
nrf_drv_usbd_setup_data_clear
                        0x00000a3d   0x2a  Code  Gb  nrf_drv_usbd.o [1]
nrf_drv_usbd_transfer_out_drop
                        0x00000a6d   0x52  Code  Gb  nrf_drv_usbd.o [1]
nrf_gpio_cfg            0x00001c47   0x30  Code  Lc  nrf_drv_spi.o [1]
nrf_gpio_cfg            0x00000c5b   0x30  Code  Lc  nrf_drv_uarte.o [1]
nrf_gpio_cfg(unsigned int, nrf_gpio_pin_dir_t, nrf_gpio_pin_input_t, nrf_gpio_pin_pull_t, nrf_gpio_pin_drive_t, nrf_gpio_pin_sense_t)
                        0x00002bbd   0x2e  Code  Lc  wirish_digital.o [1]
nrf_gpio_cfg_default    0x00000cb1   0x10  Code  Lc  nrf_drv_uarte.o [1]
nrf_gpio_cfg_input      0x00000c9d    0xe  Code  Lc  nrf_drv_uarte.o [1]
nrf_gpio_cfg_input(unsigned int, nrf_gpio_pin_pull_t)
                        0x00002beb   0x10  Code  Lc  wirish_digital.o [1]
nrf_gpio_cfg_output     0x00001c77   0x16  Code  Lc  nrf_drv_spi.o [1]
nrf_gpio_cfg_output     0x00000c8b   0x12  Code  Lc  nrf_drv_uarte.o [1]
nrf_gpio_cfg_sense_input(unsigned int, nrf_gpio_pin_pull_t, nrf_gpio_pin_sense_t)
                        0x00002bfb    0xe  Code  Lc  wirish_digital.o [1]
nrf_gpio_cfg_sense_set  0x000023b3   0x26  Code  Lc  nrf_drv_gpiote.o [1]
nrf_gpio_pin_clear      0x00001c9b    0xc  Code  Lc  nrf_drv_spi.o [1]
nrf_gpio_pin_clear      0x00001211   0x10  Code  Lc  nrf_drv_twi.o [1]
nrf_gpio_pin_clear(unsigned int)
                        0x00002c1d    0xc  Code  Lc  wirish_digital.o [1]
nrf_gpio_pin_set        0x00001c8d    0xe  Code  Lc  nrf_drv_spi.o [1]
nrf_gpio_pin_set        0x000011ff   0x12  Code  Lc  nrf_drv_twi.o [1]
nrf_gpio_pin_set        0x00000cc1   0x1a  Code  Lc  nrf_drv_uarte.o [1]
nrf_gpio_pin_set(unsigned int)
                        0x00002c0f    0xe  Code  Lc  wirish_digital.o [1]
nrf_gpio_pin_toggle(unsigned int)
                        0x00002c33   0x26  Code  Lc  wirish_digital.o [1]
nrf_gpio_pin_write(unsigned int, unsigned int)
                        0x00002c59    0xa  Code  Lc  wirish_digital.o [1]
nrf_gpio_ports_read     0x000023d9   0x28  Code  Lc  nrf_drv_gpiote.o [1]
nrf_gpiote_event_clear  0x0000239b   0x18  Code  Lc  nrf_drv_gpiote.o [1]
nrf_gpiote_event_is_set
                        0x0000238d    0xe  Code  Lc  nrf_drv_gpiote.o [1]
nrf_rtc_event_clear     0x00001ffd   0x10  Code  Lc  nRF5x_RTC.o [1]
nrf_spim_event_check    0x00001c3d    0xa  Code  Lc  nrf_drv_spi.o [1]
nrf_spim_event_clear    0x00001c2d   0x10  Code  Lc  nrf_drv_spi.o [1]
nrf_spis_event_check    0x00002e29    0xa  Code  Lc  nrf_drv_spis.o [1]
nrf_spis_event_clear    0x00002e19   0x10  Code  Lc  nrf_drv_spis.o [1]
nrf_spis_rx_buffer_set  0x00002e39    0x4  Code  Lc  nrf_drv_spis.o [1]
nrf_spis_tx_buffer_set  0x00002e33    0x6  Code  Lc  nrf_drv_spis.o [1]
nrf_twim_event_check    0x000011e5    0xa  Code  Lc  nrf_drv_twi.o [1]
nrf_twim_event_clear    0x000011d5   0x10  Code  Lc  nrf_drv_twi.o [1]
nrf_twim_rx_buffer_set  0x000011f5    0x4  Code  Lc  nrf_drv_twi.o [1]
nrf_twim_tx_buffer_set  0x000011ef    0x6  Code  Lc  nrf_drv_twi.o [1]
nrf_uarte_event_check   0x00000c41    0xa  Code  Lc  nrf_drv_uarte.o [1]
nrf_uarte_event_clear   0x00000c31   0x10  Code  Lc  nrf_drv_uarte.o [1]
nrf_uarte_hwfc_pins_set
                        0x00000c51    0x4  Code  Lc  nrf_drv_uarte.o [1]
nrf_uarte_txrx_pins_set
                        0x00000c4b    0x6  Code  Lc  nrf_drv_uarte.o [1]
nrf_usbd_epin_dma_handler
                        0x000003ad   0x32  Code  Lc  nrf_drv_usbd.o [1]
nrf_usbd_epout_dma_handler
                        0x000003df   0x4e  Code  Lc  nrf_drv_usbd.o [1]
nrf_usbd_event_check    0x00000219    0x8  Code  Lc  nrf_drv_usbd.o [1]
nrf_usbd_event_clear    0x0000020d    0xc  Code  Lc  nrf_drv_usbd.o [1]
nrf_usbd_task_trigger   0x00000201    0xc  Code  Lc  nrf_drv_usbd.o [1]
pinMode(unsigned char, unsigned char)
                        0x00002c79   0x60  Code  Gb  wirish_digital.o [1]
pins_to_default         0x00000dc1   0x62  Code  Gb  nrf_drv_uarte.o [1]
rtcCallback             0x20000548    0xc  Data  Gb  nRF5x_RTC.o [1]
rx_done_event           0x0000102d   0x1a  Code  Gb  nrf_drv_uarte.o [1]
setup()                 0x00002937   0x62  Code  Gb  main.o [1]
sleep()                 0x00002a01   0x1e  Code  Gb  main.o [1]
spi_xfer_done           0x20000574    0x4  Data  Lc  nRF5x_SPI.o [1]
spim_int_enable         0x00001e53   0x12  Code  Gb  nrf_drv_spi.o [1]
spim_list_enable_handle
                        0x00001e65   0x1a  Code  Gb  nrf_drv_spi.o [1]
spim_xfer               0x00001e7f   0x86  Code  Lc  nrf_drv_spi.o [1]
spis_irq_handler        0x00002e99   0x70  Code  Lc  nrf_drv_spis.o [1]
spis_state_change       0x00002e95    0x4  Code  Lc  nrf_drv_spis.o [1]
spis_state_entry_action_execute
                        0x00002e43   0x52  Code  Lc  nrf_drv_spis.o [1]
systick_init            0x00002a51   0x30  Code  Gb  delay.o [1]
systick_inited          0x20000568    0x1  Data  Gb  delay.o [1]
tickerTime              0x2000009c    0x4  Data  Gb  nRF5x_RTC.o [1]
twi_clear_bus           0x000012dd   0x7a  Code  Gb  nrf_drv_twi.o [1]
twi_process_error       0x000012c7   0x16  Code  Gb  nrf_drv_twi.o [1]
twim_list_enable_handle
                        0x0000147f   0x1a  Code  Gb  nrf_drv_twi.o [1]
twim_xfer               0x00001499  0x1da  Code  Gb  nrf_drv_twi.o [1]
tx_done_event           0x00001047   0x1e  Code  Gb  nrf_drv_uarte.o [1]
uart_0_handler()        0x00002845   0x14  Code  Gb  main.o [1]
uart_1_handler()        0x00002859   0x12  Code  Gb  main.o [1]
uarte_irq_handler       0x00001081   0xd8  Code  Gb  nrf_drv_uarte.o [1]
usbd_dma_start          0x000002a1   0x14  Code  Lc  nrf_drv_usbd.o [1]
usbd_dmareq_process     0x0000074d  0x150  Code  Lc  nrf_drv_usbd.o [1]
usbd_ep_abort           0x000002b5   0x9e  Code  Lc  nrf_drv_usbd.o [1]
usbd_ep_data_handler    0x000005b1   0x3a  Code  Lc  nrf_drv_usbd.o [1]
wake()                  0x00002a21    0x8  Code  Gb  main.o [1]


[1] = D:\nRF52840-Vega\IAR\Debug\Obj
[2] = command line
[3] = dl7M_tlf.a
[4] = m7M_tls.a
[5] = rt7M_tl.a

  12 542 bytes of readonly  code memory
     246 bytes of readonly  data memory
   9 607 bytes of readwrite data memory

Errors: 1
Warnings: none
