###############################################################################
#
# IAR ELF Linker V7.40.3.8902/W32 for ARM                 02/Mar/2018  13:55:55
# Copyright 2007-2015 IAR Systems AB.
#
#    Output file  =  D:\Projects\Vega\nRF52840-Vega\IAR\Debug\Exe\nRF52840.out
#    Map file     =  D:\Projects\Vega\nRF52840-Vega\IAR\Debug\List\nRF52840.map
#    Command line =  
#        D:\Projects\Vega\nRF52840-Vega\IAR\Debug\Obj\app_error.o
#        D:\Projects\Vega\nRF52840-Vega\IAR\Debug\Obj\app_error_weak.o
#        D:\Projects\Vega\nRF52840-Vega\IAR\Debug\Obj\app_sdcard.o
#        D:\Projects\Vega\nRF52840-Vega\IAR\Debug\Obj\app_usbd.o
#        D:\Projects\Vega\nRF52840-Vega\IAR\Debug\Obj\app_usbd_audio.o
#        D:\Projects\Vega\nRF52840-Vega\IAR\Debug\Obj\app_usbd_cdc_acm.o
#        D:\Projects\Vega\nRF52840-Vega\IAR\Debug\Obj\app_usbd_core.o
#        D:\Projects\Vega\nRF52840-Vega\IAR\Debug\Obj\app_usbd_hid.o
#        D:\Projects\Vega\nRF52840-Vega\IAR\Debug\Obj\app_usbd_hid_generic.o
#        D:\Projects\Vega\nRF52840-Vega\IAR\Debug\Obj\app_usbd_hid_kbd.o
#        D:\Projects\Vega\nRF52840-Vega\IAR\Debug\Obj\app_usbd_hid_mouse.o
#        D:\Projects\Vega\nRF52840-Vega\IAR\Debug\Obj\app_usbd_msc.o
#        D:\Projects\Vega\nRF52840-Vega\IAR\Debug\Obj\app_usbd_string_desc.o
#        D:\Projects\Vega\nRF52840-Vega\IAR\Debug\Obj\app_util_platform.o
#        D:\Projects\Vega\nRF52840-Vega\IAR\Debug\Obj\ble_flash.o
#        D:\Projects\Vega\nRF52840-Vega\IAR\Debug\Obj\boards.o
#        D:\Projects\Vega\nRF52840-Vega\IAR\Debug\Obj\delay.o
#        D:\Projects\Vega\nRF52840-Vega\IAR\Debug\Obj\dtostrf.o
#        D:\Projects\Vega\nRF52840-Vega\IAR\Debug\Obj\HardwareSerial.o
#        D:\Projects\Vega\nRF52840-Vega\IAR\Debug\Obj\iar_startup_nrf52840.o
#        D:\Projects\Vega\nRF52840-Vega\IAR\Debug\Obj\itoa.o
#        D:\Projects\Vega\nRF52840-Vega\IAR\Debug\Obj\main.o
#        D:\Projects\Vega\nRF52840-Vega\IAR\Debug\Obj\nRF5x_FIFO.o
#        D:\Projects\Vega\nRF52840-Vega\IAR\Debug\Obj\nRF5x_RTC.o
#        D:\Projects\Vega\nRF52840-Vega\IAR\Debug\Obj\nRF5x_SPI.o
#        D:\Projects\Vega\nRF52840-Vega\IAR\Debug\Obj\nRF5x_TEST.o
#        D:\Projects\Vega\nRF52840-Vega\IAR\Debug\Obj\nRF5x_TWI.o
#        D:\Projects\Vega\nRF52840-Vega\IAR\Debug\Obj\nRF5x_UART.o
#        D:\Projects\Vega\nRF52840-Vega\IAR\Debug\Obj\nRF5x_USB.o
#        D:\Projects\Vega\nRF52840-Vega\IAR\Debug\Obj\nRF5x_USB_AUDIO.o
#        D:\Projects\Vega\nRF52840-Vega\IAR\Debug\Obj\nRF5x_USB_CDC.o
#        D:\Projects\Vega\nRF52840-Vega\IAR\Debug\Obj\nRF5x_USB_GENERIC.o
#        D:\Projects\Vega\nRF52840-Vega\IAR\Debug\Obj\nRF5x_USB_KEYBOARD.o
#        D:\Projects\Vega\nRF52840-Vega\IAR\Debug\Obj\nRF5x_USB_MOUSE.o
#        D:\Projects\Vega\nRF52840-Vega\IAR\Debug\Obj\nRF5x_USB_MSC.o
#        D:\Projects\Vega\nRF52840-Vega\IAR\Debug\Obj\nrf_atfifo.o
#        D:\Projects\Vega\nRF52840-Vega\IAR\Debug\Obj\nrf_block_dev_empty.o
#        D:\Projects\Vega\nRF52840-Vega\IAR\Debug\Obj\nrf_block_dev_qspi.o
#        D:\Projects\Vega\nRF52840-Vega\IAR\Debug\Obj\nrf_block_dev_ram.o
#        D:\Projects\Vega\nRF52840-Vega\IAR\Debug\Obj\nrf_block_dev_sdc.o
#        D:\Projects\Vega\nRF52840-Vega\IAR\Debug\Obj\nrf_drv_clock.o
#        D:\Projects\Vega\nRF52840-Vega\IAR\Debug\Obj\nrf_drv_common.o
#        D:\Projects\Vega\nRF52840-Vega\IAR\Debug\Obj\nrf_drv_comp.o
#        D:\Projects\Vega\nRF52840-Vega\IAR\Debug\Obj\nrf_drv_gpiote.o
#        D:\Projects\Vega\nRF52840-Vega\IAR\Debug\Obj\nrf_drv_i2s.o
#        D:\Projects\Vega\nRF52840-Vega\IAR\Debug\Obj\nrf_drv_lpcomp.o
#        D:\Projects\Vega\nRF52840-Vega\IAR\Debug\Obj\nrf_drv_pdm.o
#        D:\Projects\Vega\nRF52840-Vega\IAR\Debug\Obj\nrf_drv_power.o
#        D:\Projects\Vega\nRF52840-Vega\IAR\Debug\Obj\nrf_drv_ppi.o
#        D:\Projects\Vega\nRF52840-Vega\IAR\Debug\Obj\nrf_drv_pwm.o
#        D:\Projects\Vega\nRF52840-Vega\IAR\Debug\Obj\nrf_drv_qdec.o
#        D:\Projects\Vega\nRF52840-Vega\IAR\Debug\Obj\nrf_drv_qspi.o
#        D:\Projects\Vega\nRF52840-Vega\IAR\Debug\Obj\nrf_drv_rng.o
#        D:\Projects\Vega\nRF52840-Vega\IAR\Debug\Obj\nrf_drv_rtc.o
#        D:\Projects\Vega\nRF52840-Vega\IAR\Debug\Obj\nrf_drv_saadc.o
#        D:\Projects\Vega\nRF52840-Vega\IAR\Debug\Obj\nrf_drv_spi.o
#        D:\Projects\Vega\nRF52840-Vega\IAR\Debug\Obj\nrf_drv_spis.o
#        D:\Projects\Vega\nRF52840-Vega\IAR\Debug\Obj\nrf_drv_swi.o
#        D:\Projects\Vega\nRF52840-Vega\IAR\Debug\Obj\nrf_drv_systick.o
#        D:\Projects\Vega\nRF52840-Vega\IAR\Debug\Obj\nrf_drv_timer.o
#        D:\Projects\Vega\nRF52840-Vega\IAR\Debug\Obj\nrf_drv_twi.o
#        D:\Projects\Vega\nRF52840-Vega\IAR\Debug\Obj\nrf_drv_twis.o
#        D:\Projects\Vega\nRF52840-Vega\IAR\Debug\Obj\nrf_drv_uarte.o
#        D:\Projects\Vega\nRF52840-Vega\IAR\Debug\Obj\nrf_drv_usbd.o
#        D:\Projects\Vega\nRF52840-Vega\IAR\Debug\Obj\nrf_drv_wdt.o
#        D:\Projects\Vega\nRF52840-Vega\IAR\Debug\Obj\nrf_ecb.o
#        D:\Projects\Vega\nRF52840-Vega\IAR\Debug\Obj\nrf_nvmc.o
#        D:\Projects\Vega\nRF52840-Vega\IAR\Debug\Obj\nrf_saadc.o
#        D:\Projects\Vega\nRF52840-Vega\IAR\Debug\Obj\nrf_serial_flash_params.o
#        D:\Projects\Vega\nRF52840-Vega\IAR\Debug\Obj\Print.o
#        D:\Projects\Vega\nRF52840-Vega\IAR\Debug\Obj\radio_config.o
#        D:\Projects\Vega\nRF52840-Vega\IAR\Debug\Obj\SPIClass.o
#        D:\Projects\Vega\nRF52840-Vega\IAR\Debug\Obj\Stream.o
#        D:\Projects\Vega\nRF52840-Vega\IAR\Debug\Obj\system_nrf52840.o
#        D:\Projects\Vega\nRF52840-Vega\IAR\Debug\Obj\USBSerial.o
#        D:\Projects\Vega\nRF52840-Vega\IAR\Debug\Obj\wirish_digital.o
#        D:\Projects\Vega\nRF52840-Vega\IAR\Debug\Obj\wirish_math.o
#        D:\Projects\Vega\nRF52840-Vega\IAR\Debug\Obj\WString.o -o
#        D:\Projects\Vega\nRF52840-Vega\IAR\Debug\Exe\nRF52840.out --redirect
#        _Printf=_PrintfFull --redirect _Scanf=_ScanfFull --map
#        D:\Projects\Vega\nRF52840-Vega\IAR\Debug\List\nRF52840.map --config
#        "C:\Program Files (x86)\IAR Systems\Embedded Workbench
#        7.2\arm\config\linker\NordicSemiconductor\nrf52840_xxaa.icf"
#        --warnings_are_errors --entry __iar_program_start --inline --vfe
#
###############################################################################

*******************************************************************************
*** RUNTIME MODEL ATTRIBUTES
***

CppFlavor                     = *
__CPP_Language                = EC++
__Heap_Handler                = DLMalloc
__SystemLibrary               = DLib
__dlib_dynamic_initialization = normal


*******************************************************************************
*** PLACEMENT SUMMARY
***

"A1":  place at 0x00000000 { ro section .intvec };
"P1":  place in [from 0x00000000 to 0x000fffff] { ro };
"P2":  place in [from 0x20000000 to 0x2003ffff] { rw, block CSTACK, block HEAP };

  Section            Kind        Address     Size  Object
  -------            ----        -------     ----  ------
"A1":                                       0x200
  .intvec            ro code  0x00000000    0x200  iar_startup_nrf52840.o [1]
                            - 0x00000200    0x200

"P1":                                      0x5a84
  .text              ro code  0x00000200   0x1008  nrf_drv_usbd.o [1]
  .text              ro code  0x00001208     0x76  ABImemcpy_unaligned.o [5]
  .text              ro code  0x0000127e      0x2  iar_startup_nrf52840.o [1]
  .text              ro code  0x00001280     0x24  app_util_platform.o [1]
  .text              ro code  0x000012a4     0x40  nrf_drv_systick.o [1]
  .text              ro code  0x000012e4     0x54  nrf_drv_common.o [1]
  .text              ro code  0x00001338      0x6  ABImemclr.o [5]
  .text              ro code  0x0000133e      0x2  iar_startup_nrf52840.o [1]
  .text              ro code  0x00001340    0x1e4  nrf_drv_clock.o [1]
  .text              ro code  0x00001524     0xd0  nrf_drv_power.o [1]
  .text              ro code  0x000015f4     0x5e  ABImemset.o [5]
  .text              ro code  0x00001652      0x2  iar_startup_nrf52840.o [1]
  .text              ro code  0x00001654    0xdec  app_usbd_msc.o [1]
  .text              ro code  0x00002440      0x6  ABImemclr4.o [5]
  .text              ro code  0x00002446      0x2  iar_startup_nrf52840.o [1]
  .text              ro code  0x00002448    0x6f0  app_usbd.o [1]
  .text              ro code  0x00002b38    0x5bc  app_usbd_core.o [1]
  .text              ro code  0x000030f4     0x6c  strncpy_unaligned.o [5]
  .text              ro code  0x00003160     0x62  memcmp_unaligned.o [5]
  .text              ro code  0x000031c2      0x2  iar_startup_nrf52840.o [1]
  .text              ro code  0x000031c4     0x30  app_usbd_string_desc.o [1]
  .text              ro code  0x000031f4     0x32  ABImemset48.o [5]
  .text              ro code  0x00003226      0x2  iar_startup_nrf52840.o [1]
  .text              ro code  0x00003228    0x104  nrf_atfifo.o [1]
  .text              ro code  0x0000332c    0x53c  nrf_drv_twi.o [1]
  .text              ro code  0x00003868    0x4a0  nrf_drv_uarte.o [1]
  .text              ro code  0x00003d08    0x44c  nRF5x_UART.o [1]
  .text              ro code  0x00004154     0xa2  nRF5x_FIFO.o [1]
  .text              ro code  0x000041f6      0x2  iar_startup_nrf52840.o [1]
  .text              ro code  0x000041f8    0x330  nrf_drv_spi.o [1]
  .text              ro code  0x00004528    0x284  nRF5x_RTC.o [1]
  .text              ro code  0x000047ac    0x26c  app_usbd_cdc_acm.o [1]
  .text              ro code  0x00004a18    0x244  nrf_drv_gpiote.o [1]
  .text              ro code  0x00004c5c    0x200  main.o [1]
  .text              ro code  0x00004e5c     0x78  delay.o [1]
  .text              ro code  0x00004ed4    0x1f0  nRF5x_SPI.o [1]
  .text              ro code  0x000050c4    0x102  nRF5x_TWI.o [1]
  .text              ro code  0x000051c6      0x2  iar_startup_nrf52840.o [1]
  .text              ro code  0x000051c8     0x80  nRF5x_USB_CDC.o [1]
  .text              ro code  0x00005248     0x50  nRF5x_USB_MSC.o [1]
  .text              ro code  0x00005298    0x120  wirish_digital.o [1]
  .text              ro code  0x000053b8     0xcc  nRF5x_USB.o [1]
  .text              ro code  0x00005484     0x1e  app_error.o [1]
  .text              ro code  0x000054a2      0x2  iar_startup_nrf52840.o [1]
  .text              ro code  0x000054a4     0x30  app_error_weak.o [1]
  .text              ro code  0x000054d4    0x13c  system_nrf52840.o [1]
  .text              ro code  0x00005610    0x100  nrf_drv_spis.o [1]
  .text              ro code  0x00005710     0xe4  nrf_block_dev_ram.o [1]
  .text              ro code  0x000057f4     0xd0  packbits_init.o [5]
  .text              ro code  0x000058c4      0x6  abort.o [3]
  .text              ro code  0x000058ca      0x2  iar_startup_nrf52840.o [1]
  .text              ro code  0x000058cc      0xc  XXexit.o [5]
  .rodata            const    0x000058d8     0x74  app_usbd_string_desc.o [1]
  .rodata            const    0x0000594c     0x54  nRF5x_USB_MSC.o [1]
  .text              ro code  0x000059a0     0x50  nrf_drv_swi.o [1]
  .rodata            const    0x000059f0     0x44  nRF5x_USB_CDC.o [1]
  .text              ro code  0x00005a34     0x40  zero_init3.o [5]
  .text              ro code  0x00005a74     0x28  data_init.o [5]
  .rodata            const    0x00005a9c     0x24  app_usbd_core.o [1]
  .text              ro code  0x00005ac0     0x22  fpinit_M.o [4]
  .iar.init_table    const    0x00005ae4     0x2c  - Linker created -
  .text              ro code  0x00005b10      0x2  iar_startup_nrf52840.o [1]
  .text              ro code  0x00005b14     0x1a  cmain.o [5]
  .text              ro code  0x00005b2e      0x4  exit.o [3]
  .text              ro code  0x00005b32      0x2  iar_startup_nrf52840.o [1]
  .text              ro code  0x00005b34      0xa  cexit.o [5]
  .text              ro code  0x00005b3e      0x2  iar_startup_nrf52840.o [1]
  .rodata            const    0x00005b40     0x18  nrf_block_dev_ram.o [1]
  .rodata            const    0x00005b58     0x14  app_usbd_cdc_acm.o [1]
  .rodata            const    0x00005b6c     0x14  app_usbd_msc.o [1]
  .text              ro code  0x00005b80     0x10  iar_startup_nrf52840.o [1]
  .text              ro code  0x00005b90      0xc  cstartup_M.o [5]
  .text              ro code  0x00005b9c      0x2  iar_startup_nrf52840.o [1]
  .text              ro code  0x00005b9e      0x2  iar_startup_nrf52840.o [1]
  .text              ro code  0x00005ba0      0x2  iar_startup_nrf52840.o [1]
  .text              ro code  0x00005ba2      0x2  iar_startup_nrf52840.o [1]
  .text              ro code  0x00005ba4      0x2  iar_startup_nrf52840.o [1]
  .text              ro code  0x00005ba6      0x2  iar_startup_nrf52840.o [1]
  .text              ro code  0x00005ba8      0x2  iar_startup_nrf52840.o [1]
  .text              ro code  0x00005baa      0x2  iar_startup_nrf52840.o [1]
  .text              ro code  0x00005bac      0x2  iar_startup_nrf52840.o [1]
  .text              ro code  0x00005bae      0x2  iar_startup_nrf52840.o [1]
  .text              ro code  0x00005bb0      0x2  iar_startup_nrf52840.o [1]
  .text              ro code  0x00005bb2      0x2  iar_startup_nrf52840.o [1]
  .text              ro code  0x00005bb4      0x2  iar_startup_nrf52840.o [1]
  .text              ro code  0x00005bb6      0x2  iar_startup_nrf52840.o [1]
  .text              ro code  0x00005bb8      0x2  iar_startup_nrf52840.o [1]
  .text              ro code  0x00005bba      0x2  iar_startup_nrf52840.o [1]
  .text              ro code  0x00005bbc      0x2  iar_startup_nrf52840.o [1]
  .text              ro code  0x00005bbe      0x2  iar_startup_nrf52840.o [1]
  .text              ro code  0x00005bc0      0x2  iar_startup_nrf52840.o [1]
  .text              ro code  0x00005bc2      0x2  iar_startup_nrf52840.o [1]
  .text              ro code  0x00005bc4      0x2  iar_startup_nrf52840.o [1]
  .text              ro code  0x00005bc6      0x2  iar_startup_nrf52840.o [1]
  .rodata            const    0x00005bc8      0x0  zero_init3.o [5]
  .rodata            const    0x00005bc8      0x0  packbits_init.o [5]
  Initializer bytes  const    0x00005bc8     0xbc  <for P2 s0>
                            - 0x00005c84   0x5a84

"P2":                                     0x23468
  P2 s0                       0x20000000    0x230  <Init block>
    .data            inited   0x20000000    0x144  app_usbd.o [1]
    .data            inited   0x20000144     0x50  nRF5x_SPI.o [1]
    .data            inited   0x20000194     0x20  nRF5x_TWI.o [1]
    .data            inited   0x200001b4     0x20  nrf_drv_spi.o [1]
    .data            inited   0x200001d4     0x14  app_usbd_string_desc.o [1]
    .data            inited   0x200001e8     0x14  nRF5x_RTC.o [1]
    .data            inited   0x200001fc     0x10  nrf_drv_twi.o [1]
    .data            inited   0x2000020c     0x10  nrf_drv_uarte.o [1]
    .data            inited   0x2000021c      0xc  main.o [1]
    .data            inited   0x20000228      0x4  nRF5x_USB_MSC.o [1]
    .data            inited   0x2000022c      0x4  system_nrf52840.o [1]
  .bss               zero     0x20000230  0x20000  nRF5x_USB_MSC.o [1]
  .bss               zero     0x20020230    0x800  nRF5x_USB_MSC.o [1]
  .bss               zero     0x20020a30    0x400  nRF5x_USB_CDC.o [1]
  .bss               zero     0x20020e30    0x120  nrf_drv_usbd.o [1]
  .bss               zero     0x20020f50     0xec  nrf_drv_usbd.o [1]
  .bss               zero     0x2002103c     0x94  nRF5x_USB_MSC.o [1]
  .bss               zero     0x200210d0     0x90  nrf_drv_spi.o [1]
  .bss               zero     0x20021160     0x6c  nRF5x_UART.o [1]
  .bss               zero     0x200211cc     0x68  nrf_drv_gpiote.o [1]
  .bss               zero     0x20021234     0x50  nrf_drv_twi.o [1]
  .bss               zero     0x20021284     0x48  nrf_drv_spis.o [1]
  .bss               zero     0x200212cc     0x40  app_usbd_core.o [1]
  .bss               zero     0x2002130c     0x40  nrf_drv_uarte.o [1]
  .bss               zero     0x2002134c     0x40  nrf_drv_usbd.o [1]
  .bss               zero     0x2002138c     0x28  nrf_drv_swi.o [1]
  .bss               zero     0x200213b4     0x20  nRF5x_USB_CDC.o [1]
  .bss               zero     0x200213d4     0x14  nRF5x_RTC.o [1]
  .bss               zero     0x200213e8     0x14  nrf_drv_clock.o [1]
  .bss               zero     0x200213fc     0x10  app_usbd_core.o [1]
  .bss               zero     0x2002140c     0x10  app_usbd_core.o [1]
  .bss               zero     0x2002141c     0x10  nRF5x_USB_MSC.o [1]
  .bss               zero     0x2002142c      0xc  nrf_drv_power.o [1]
  .bss               zero     0x20021438      0x8  app_usbd_core.o [1]
  .bss               zero     0x20021440      0x8  delay.o [1]
  .bss               zero     0x20021448      0x8  nRF5x_SPI.o [1]
  .bss               zero     0x20021450      0x4  app_util_platform.o [1]
  .bss               zero     0x20021454      0x4  nRF5x_RTC.o [1]
  .bss               zero     0x20021458      0x4  nRF5x_RTC.o [1]
  .bss               zero     0x2002145c      0x2  nRF5x_TWI.o [1]
  .bss               zero     0x2002145e      0x2  nRF5x_USB.o [1]
  .bss               zero     0x20021460      0x1  app_usbd.o [1]
  .bss               zero     0x20021461      0x1  main.o [1]
  .bss               zero     0x20021462      0x1  nRF5x_USB.o [1]
  CSTACK                      0x20021468   0x2000  <Block>
    CSTACK           uninit   0x20021468   0x2000  <Block tail>
                            - 0x20023468  0x23468


*******************************************************************************
*** INIT TABLE
***

          Address     Size
          -------     ----
Zero (__iar_zero_init3)
    1 destination range, total size 0x21233:
          0x20000230  0x21233

Copy/packbits (__iar_packbits_init3)
    1 source range, total size 0xbc (33% of destination):
          0x00005bc8     0xbc
    1 destination range, total size 0x230:
          0x20000000    0x230



*******************************************************************************
*** MODULE SUMMARY
***

    Module                  ro code  ro data  rw data
    ------                  -------  -------  -------
D:\Projects\Vega\nRF52840-Vega\IAR\Debug\Obj: [1]
    app_error.o                  30
    app_error_weak.o             48
    app_usbd.o                1 776      108      325
    app_usbd_cdc_acm.o          620       20
    app_usbd_core.o           1 468       36      104
    app_usbd_msc.o            3 564       20
    app_usbd_string_desc.o       48      122       20
    app_util_platform.o          36                 4
    delay.o                     120                 8
    iar_startup_nrf52840.o      598
    main.o                      512        4       13
    nRF5x_FIFO.o                162
    nRF5x_RTC.o                 644        7       48
    nRF5x_SPI.o                 496       27       88
    nRF5x_TWI.o                 258       11       34
    nRF5x_UART.o              1 100               108
    nRF5x_USB.o                 204                 3
    nRF5x_USB_CDC.o             128       68    1 056
    nRF5x_USB_MSC.o              80       85  133 288
    nrf_atfifo.o                260
    nrf_block_dev_ram.o         228       24
    nrf_drv_clock.o             484                20
    nrf_drv_common.o             84
    nrf_drv_gpiote.o            580               104
    nrf_drv_power.o             208                12
    nrf_drv_spi.o               816       11      176
    nrf_drv_spis.o              256                72
    nrf_drv_swi.o                80                40
    nrf_drv_systick.o            64
    nrf_drv_twi.o             1 340        5       96
    nrf_drv_uarte.o           1 184        6       80
    nrf_drv_usbd.o            4 104               588
    system_nrf52840.o           316        1        4
    wirish_digital.o            288
    -------------------------------------------------
    Total:                   22 184      555  136 291

command line: [2]
    -------------------------------------------------
    Total:

dl7M_tlf.a: [3]
    abort.o                       6
    exit.o                        4
    -------------------------------------------------
    Total:                       10

m7M_tls.a: [4]
    fpinit_M.o                   34
    -------------------------------------------------
    Total:                       34

rt7M_tl.a: [5]
    ABImemclr.o                   6
    ABImemclr4.o                  6
    ABImemcpy_unaligned.o       118
    ABImemset.o                  94
    ABImemset48.o                50
    XXexit.o                     12
    cexit.o                      10
    cmain.o                      26
    cstartup_M.o                 12
    data_init.o                  40
    memcmp_unaligned.o           98
    packbits_init.o             208
    strncpy_unaligned.o         108
    zero_init3.o                 64
    -------------------------------------------------
    Total:                      852

    Gaps                          2        2
    Linker created                        45    8 192
-----------------------------------------------------
    Grand Total:             23 082      602  144 483


*******************************************************************************
*** ENTRY LIST
***

Entry                      Address     Size  Type      Object
-----                      -------     ----  ----      ------
.iar.init_table$$Base   0x00005ae4            --   Gb  - Linker created -
.iar.init_table$$Limit  0x00005b10            --   Gb  - Linker created -
?main                   0x00005b15           Code  Gb  cmain.o [5]
AlarmInternal           0x200001e8      0xc  Data  Gb  nRF5x_RTC.o [1]
CSTACK$$Base            0x20021468            --   Gb  - Linker created -
CSTACK$$Limit           0x20023468            --   Gb  - Linker created -
GPIOTE_IRQHandler       0x00004aa3    0x196  Code  Gb  nrf_drv_gpiote.o [1]
InStream_Read           0x000057f5     0x22  Code  Lc  packbits_init.o [5]
NVIC_ClearPendingIRQ    0x00004535      0xa  Code  Lc  nRF5x_RTC.o [1]
NVIC_EnableIRQ          0x00004529      0xc  Code  Lc  nRF5x_RTC.o [1]
NVIC_SetPriority        0x00004547     0x1a  Code  Lc  nRF5x_RTC.o [1]
POWER_CLOCK_IRQHandler  0x000012e5      0xe  Code  Gb  nrf_drv_common.o [1]
RTC0_IRQHandler         0x0000463b     0x2a  Code  Gb  nRF5x_RTC.o [1]
RTC1_IRQHandler         0x00004665     0x2a  Code  Gb  nRF5x_RTC.o [1]
RTC2_IRQHandler         0x00004693     0x2a  Code  Gb  nRF5x_RTC.o [1]
Region$$Table$$Base     0x00005ae4            --   Gb  - Linker created -
Region$$Table$$Limit    0x00005b10            --   Gb  - Linker created -
SPIM0_SPIS0_TWIM0_TWIS0_SPI0_TWI0_IRQHandler
                        0x00004503      0x6  Code  Gb  nrf_drv_spi.o [1]
SPIM2_SPIS2_SPI2_IRQHandler
                        0x00005701      0x6  Code  Gb  nrf_drv_spis.o [1]
SPI_init()              0x00004cfd      0xc  Code  Gb  main.o [1]
SWI0_EGU0_IRQHandler    0x000059bb      0x8  Code  Gb  nrf_drv_swi.o [1]
SWI1_EGU1_IRQHandler    0x000059c3      0x8  Code  Gb  nrf_drv_swi.o [1]
SWI2_EGU2_IRQHandler    0x000059cb      0x8  Code  Gb  nrf_drv_swi.o [1]
SWI3_EGU3_IRQHandler    0x000059d3      0x8  Code  Gb  nrf_drv_swi.o [1]
SWI4_EGU4_IRQHandler    0x000059db      0x8  Code  Gb  nrf_drv_swi.o [1]
SWI5_EGU5_IRQHandler    0x000059e3      0x8  Code  Gb  nrf_drv_swi.o [1]
SX1272_readRegister(unsigned char)
                        0x00004ca5     0x26  Code  Gb  main.o [1]
SX1272_reset()          0x00004c89     0x1c  Code  Gb  main.o [1]
SysTick_Handler         0x00004e9d      0xa  Code  Gb  delay.o [1]
SystemCoreClock         0x2000022c      0x4  Data  Gb  system_nrf52840.o [1]
SystemInit              0x000054d5     0xf4  Code  Gb  system_nrf52840.o [1]
TWI_init()              0x00004d09     0x46  Code  Gb  main.o [1]
TimeInternal            0x20021458      0x4  Data  Gb  nRF5x_RTC.o [1]
UARTE0_UART0_IRQHandler
                        0x00003cd7      0x6  Code  Gb  nrf_drv_uarte.o [1]
UARTE1_IRQHandler       0x00003cdd      0x6  Code  Gb  nrf_drv_uarte.o [1]
UART_init()             0x00004ccb     0x32  Code  Gb  main.o [1]
USBD_IRQHandler         0x00000a25    0x154  Code  Gb  nrf_drv_usbd.o [1]
__Vectors               0x00000000            --   Gb  iar_startup_nrf52840.o [1]
__Vectors_End           0x00000200           Data  Gb  iar_startup_nrf52840.o [1]
__Vectors_Size {Abs}    0x00000200            --   Gb  iar_startup_nrf52840.o [1]
__aeabi_memclr          0x00001339           Code  Gb  ABImemclr.o [5]
__aeabi_memclr4         0x00002441           Code  Gb  ABImemclr4.o [5]
__cmain                 0x00005b15           Code  Gb  cmain.o [5]
__exit                  0x000058cd           Code  Gb  XXexit.o [5]
__iar_Memset4_word      0x000031f5           Code  Gb  ABImemset48.o [5]
__iar_Memset8_word      0x000031f5           Code  Gb  ABImemset48.o [5]
__iar_Memset_word       0x000015f5           Code  Gb  ABImemset.o [5]
__iar_data_init3        0x00005a75     0x28  Code  Gb  data_init.o [5]
__iar_init_vfp          0x00005ac1           Code  Gb  fpinit_M.o [4]
__iar_packbits_init3    0x00005817     0xae  Code  Gb  packbits_init.o [5]
__iar_program_start     0x00005b91           Code  Gb  cstartup_M.o [5]
__iar_unaligned___aeabi_memcpy
                        0x00001209           Code  Gb  ABImemcpy_unaligned.o [5]
__iar_unaligned___aeabi_memcpy4
                        0x00001229           Code  Gb  ABImemcpy_unaligned.o [5]
__iar_unaligned___aeabi_memcpy8
                        0x00001229           Code  Gb  ABImemcpy_unaligned.o [5]
__iar_unaligned_memcmp  0x00003161           Code  Gb  memcmp_unaligned.o [5]
__iar_unaligned_strncpy
                        0x000030f5           Code  Gb  strncpy_unaligned.o [5]
__iar_zero_init3        0x00005a35     0x40  Code  Gb  zero_init3.o [5]
__vector_table          0x00000000           Data  Gb  iar_startup_nrf52840.o [1]
_call_main              0x00005b21           Code  Gb  cmain.o [5]
_exit                   0x00005b35           Code  Gb  cexit.o [5]
_main                   0x00005b2b           Code  Gb  cmain.o [5]
_ulTickCount            0x20021444      0x4  Data  Lc  delay.o [1]
abort                   0x000058c5      0x6  Code  Gb  abort.o [3]
alarmCallback           0x200001f8      0x4  Data  Gb  nRF5x_RTC.o [1]
app_error_fault_handler
                        0x000054a5     0x30  Code  Wk  app_error_weak.o [1]
app_error_handler_bare  0x00005485     0x1e  Code  Gb  app_error.o [1]
app_usbd_all_call       0x00002989     0x18  Code  Gb  app_usbd.o [1]
app_usbd_all_iface_deselect
                        0x00002acd     0x26  Code  Gb  app_usbd.o [1]
app_usbd_all_iface_select_0
                        0x00002aa5     0x28  Code  Gb  app_usbd.o [1]
app_usbd_all_until_served_call
                        0x000029a7     0x1c  Code  Gb  app_usbd.o [1]
app_usbd_cdc_acm_class_methods
                        0x00005b58     0x14  Data  Gb  app_usbd_cdc_acm.o [1]
app_usbd_cdc_acm_read   0x000049d7     0x1a  Code  Gb  app_usbd_cdc_acm.o [1]
app_usbd_cdc_acm_rx_size
                        0x000049c1     0x16  Code  Gb  app_usbd_cdc_acm.o [1]
app_usbd_class_append   0x0000283f     0x70  Code  Gb  app_usbd.o [1]
app_usbd_class_descriptor_find
                        0x00002483     0x40  Code  Gb  app_usbd.o [1]
app_usbd_class_first_get
                        0x00002917      0x6  Code  Gb  app_usbd.o [1]
app_usbd_class_iface_ep_get
                        0x0000245d     0x12  Code  Lc  app_usbd.o [1]
app_usbd_class_iface_ep_get
                        0x000047c1     0x12  Code  Lc  app_usbd_cdc_acm.o [1]
app_usbd_class_iface_ep_get
                        0x0000169f     0x12  Code  Lc  app_usbd_msc.o [1]
app_usbd_class_iface_get
                        0x00002449     0x14  Code  Lc  app_usbd.o [1]
app_usbd_class_iface_get
                        0x000047ad     0x14  Code  Lc  app_usbd_cdc_acm.o [1]
app_usbd_class_iface_get
                        0x0000168b     0x14  Code  Lc  app_usbd_msc.o [1]
app_usbd_class_rwu_enabled_check
                        0x000028eb      0xa  Code  Gb  app_usbd.o [1]
app_usbd_class_sof_register
                        0x000028b5     0x14  Code  Gb  app_usbd.o [1]
app_usbd_class_sof_unregister
                        0x000028c9     0x22  Code  Gb  app_usbd.o [1]
app_usbd_core_event_handler
                        0x00002f4d     0xc4  Code  Lc  app_usbd_core.o [1]
app_usbd_core_handler_call
                        0x000024f7      0xc  Code  Lc  app_usbd.o [1]
app_usbd_core_inst      0x00005ab0     0x10  Data  Gb  app_usbd_core.o [1]
app_usbd_core_inst_data
                        0x20021438      0x8  Data  Lc  app_usbd_core.o [1]
app_usbd_core_setup_data_handler_set
                        0x00003077     0x20  Code  Gb  app_usbd_core.o [1]
app_usbd_core_setup_req_handler
                        0x00002dd1    0x17c  Code  Lc  app_usbd_core.o [1]
app_usbd_core_setup_rsp
                        0x00003011     0x5e  Code  Gb  app_usbd_core.o [1]
app_usbd_core_setup_transfer_buff_get
                        0x00003097      0xa  Code  Gb  app_usbd_core.o [1]
app_usbd_core_state_get
                        0x000030a1      0x6  Code  Gb  app_usbd_core.o [1]
app_usbd_disable        0x00002651      0x4  Code  Gb  app_usbd.o [1]
app_usbd_enable         0x0000264d      0x4  Code  Gb  app_usbd.o [1]
app_usbd_ep_call        0x0000295f     0x2a  Code  Gb  app_usbd.o [1]
app_usbd_ep_conf_access
                        0x000024c3     0x1c  Code  Lc  app_usbd.o [1]
app_usbd_ep_enable      0x000028f5     0x22  Code  Gb  app_usbd.o [1]
app_usbd_ep_handled_transfer
                        0x000029e7     0x24  Code  Gb  app_usbd.o [1]
app_usbd_ep_instance_set
                        0x000024df     0x18  Code  Lc  app_usbd.o [1]
app_usbd_ep_transfer    0x000029c3     0x24  Code  Gb  app_usbd.o [1]
app_usbd_event_add      0x00002503     0x32  Code  Lc  app_usbd.o [1]
app_usbd_event_execute  0x00002689    0x18c  Code  Gb  app_usbd.o [1]
app_usbd_event_handler  0x00002535      0x2  Code  Lc  app_usbd.o [1]
app_usbd_event_queue_process
                        0x0000281d     0x22  Code  Gb  app_usbd.o [1]
app_usbd_hfclk_ready    0x00002537      0x6  Code  Lc  app_usbd.o [1]
app_usbd_iface_call     0x0000295b      0x4  Code  Gb  app_usbd.o [1]
app_usbd_iface_deselect
                        0x00002a51     0x34  Code  Gb  app_usbd.o [1]
app_usbd_iface_find     0x0000291d     0x3e  Code  Gb  app_usbd.o [1]
app_usbd_iface_select   0x00002a0b     0x40  Code  Gb  app_usbd.o [1]
app_usbd_iface_selection_get
                        0x00002a8d     0x18  Code  Gb  app_usbd.o [1]
app_usbd_init           0x000025b3     0x86  Code  Gb  app_usbd.o [1]
app_usbd_msc_class_methods
                        0x00005b6c     0x14  Data  Gb  app_usbd_msc.o [1]
app_usbd_start          0x00002655     0x18  Code  Gb  app_usbd.o [1]
app_usbd_stop           0x0000266d      0x8  Code  Gb  app_usbd.o [1]
app_usbd_string_desc_get
                        0x000031c5     0x20  Code  Gb  app_usbd_string_desc.o [1]
app_usbd_suspend_req    0x00002675      0x6  Code  Gb  app_usbd.o [1]
app_util_critical_region_enter
                        0x0000129b      0x2  Code  Gb  app_util_platform.o [1]
app_util_critical_region_exit
                        0x0000129d      0x2  Code  Gb  app_util_platform.o [1]
app_util_disable_irq    0x00001281      0xc  Code  Gb  app_util_platform.o [1]
app_util_enable_irq     0x0000128d      0xe  Code  Gb  app_util_platform.o [1]
apply_config            0x00003913     0x74  Code  Gb  nrf_drv_uarte.o [1]
attachedCallback        0x200213d4      0x4  Data  Gb  nRF5x_RTC.o [1]
bit2ep                  0x000003e5      0xe  Code  Lc  nrf_drv_usbd.o [1]
block_dev_ram_geometry  0x000057e3      0x4  Code  Lc  nrf_block_dev_ram.o [1]
block_dev_ram_init      0x00005711     0x30  Code  Lc  nrf_block_dev_ram.o [1]
block_dev_ram_ioctl     0x000057c1     0x22  Code  Lc  nrf_block_dev_ram.o [1]
block_dev_ram_read_req  0x000057b9      0x4  Code  Lc  nrf_block_dev_ram.o [1]
block_dev_ram_req       0x0000576d     0x4c  Code  Lc  nrf_block_dev_ram.o [1]
block_dev_ram_uninit    0x00005741     0x2c  Code  Lc  nrf_block_dev_ram.o [1]
block_dev_ram_write_req
                        0x000057bd      0x4  Code  Lc  nrf_block_dev_ram.o [1]
cbw_wait_start          0x0000171f     0x38  Code  Lc  app_usbd_msc.o [1]
cdc_acm_event_handler   0x00004949     0x70  Code  Lc  app_usbd_cdc_acm.o [1]
cdc_acm_get_descriptors
                        0x000049b9      0x8  Code  Lc  app_usbd_cdc_acm.o [1]
cdc_acm_req_out_data_cb
                        0x00004801     0x24  Code  Lc  app_usbd_cdc_acm.o [1]
class_event_handler     0x0000246f      0x6  Code  Lc  app_usbd.o [1]
clock_clk_started_notify
                        0x00001499     0x24  Code  Lc  nrf_drv_clock.o [1]
cmd_inquiry             0x00001c11     0xb0  Code  Lc  app_usbd_msc.o [1]
cmd_modesense10         0x00001e33     0x3e  Code  Lc  app_usbd_msc.o [1]
cmd_read10              0x00001d2f     0x48  Code  Lc  app_usbd_msc.o [1]
cmd_read6               0x00001b01     0x64  Code  Lc  app_usbd_msc.o [1]
cmd_read_start          0x00001ad1     0x30  Code  Lc  app_usbd_msc.o [1]
cmd_readcapacity10      0x00001cc1     0x56  Code  Lc  app_usbd_msc.o [1]
cmd_requestsense        0x00001a85     0x4c  Code  Lc  app_usbd_msc.o [1]
cmd_write10             0x00001d8b     0x48  Code  Lc  app_usbd_msc.o [1]
cmd_write6              0x00001ba3     0x50  Code  Lc  app_usbd_msc.o [1]
cmd_write_start         0x00001b65     0x3e  Code  Lc  app_usbd_msc.o [1]
comm_ep_in_addr_get     0x000047dd      0x6  Code  Lc  app_usbd_cdc_acm.o [1]
csw_wait_start          0x00001757     0x68  Code  Lc  app_usbd_msc.o [1]
data_ep_in_addr_get     0x000047e3      0x4  Code  Lc  app_usbd_cdc_acm.o [1]
data_ep_out_addr_get    0x000047f5      0xc  Code  Lc  app_usbd_cdc_acm.o [1]
delay                   0x00004ea7     0x1e  Code  Gb  delay.o [1]
digitalToggle(unsigned char)
                        0x000053b7      0x2  Code  Gb  wirish_digital.o [1]
digitalWrite(unsigned char, unsigned char)
                        0x000053b5      0x2  Code  Gb  wirish_digital.o [1]
enabledTime             0x200213d8      0x4  Data  Gb  nRF5x_RTC.o [1]
endpoint_out_event_handler
                        0x00002053     0x90  Code  Lc  app_usbd_msc.o [1]
ep2bit                  0x000003d3     0x12  Code  Lc  nrf_drv_usbd.o [1]
ep_in_addr_get          0x00001701      0xc  Code  Lc  app_usbd_msc.o [1]
ep_out_addr_get         0x0000170d      0xa  Code  Lc  app_usbd_msc.o [1]
ep_state_access         0x000003bf     0x14  Code  Lc  nrf_drv_usbd.o [1]
ev_accessfault_handler  0x000008cb      0x2  Code  Lc  nrf_drv_usbd.o [1]
ev_dma_epin0_handler    0x000005b9     0x30  Code  Lc  nrf_drv_usbd.o [1]
ev_dma_epin1_handler    0x000005e9      0x4  Code  Lc  nrf_drv_usbd.o [1]
ev_dma_epin2_handler    0x000005ed      0x4  Code  Lc  nrf_drv_usbd.o [1]
ev_dma_epin3_handler    0x000005f1      0x4  Code  Lc  nrf_drv_usbd.o [1]
ev_dma_epin4_handler    0x000005f5      0x4  Code  Lc  nrf_drv_usbd.o [1]
ev_dma_epin5_handler    0x000005f9      0x4  Code  Lc  nrf_drv_usbd.o [1]
ev_dma_epin6_handler    0x000005fd      0x4  Code  Lc  nrf_drv_usbd.o [1]
ev_dma_epin7_handler    0x00000601      0x4  Code  Lc  nrf_drv_usbd.o [1]
ev_dma_epin8_handler    0x00000605     0x3c  Code  Lc  nrf_drv_usbd.o [1]
ev_dma_epout0_handler   0x0000064d     0x3e  Code  Lc  nrf_drv_usbd.o [1]
ev_dma_epout1_handler   0x0000069b      0x4  Code  Lc  nrf_drv_usbd.o [1]
ev_dma_epout2_handler   0x0000069f      0x4  Code  Lc  nrf_drv_usbd.o [1]
ev_dma_epout3_handler   0x000006a3      0x4  Code  Lc  nrf_drv_usbd.o [1]
ev_dma_epout4_handler   0x000006a7      0x4  Code  Lc  nrf_drv_usbd.o [1]
ev_dma_epout5_handler   0x000006ab      0x4  Code  Lc  nrf_drv_usbd.o [1]
ev_dma_epout6_handler   0x000006af      0x4  Code  Lc  nrf_drv_usbd.o [1]
ev_dma_epout7_handler   0x000006b3      0x4  Code  Lc  nrf_drv_usbd.o [1]
ev_dma_epout8_handler   0x000006b7     0x3c  Code  Lc  nrf_drv_usbd.o [1]
ev_epdata_handler       0x0000086b     0x3e  Code  Lc  nrf_drv_usbd.o [1]
ev_setup_data_handler   0x0000076b     0x18  Code  Lc  nrf_drv_usbd.o [1]
ev_setup_handler        0x00000783     0x80  Code  Lc  nrf_drv_usbd.o [1]
ev_sof_handler          0x000006f3     0x3e  Code  Lc  nrf_drv_usbd.o [1]
ev_started_handler      0x0000050d     0x20  Code  Lc  nrf_drv_usbd.o [1]
ev_usbevent_handler     0x0000080f     0x52  Code  Lc  nrf_drv_usbd.o [1]
ev_usbreset_handler     0x000004ed     0x1c  Code  Lc  nrf_drv_usbd.o [1]
exit                    0x00005b2f      0x4  Code  Gb  exit.o [3]
fifo_get                0x00004185     0x14  Code  Gb  nRF5x_FIFO.o [1]
fifo_peek               0x00004171     0x14  Code  Gb  nRF5x_FIFO.o [1]
fifo_put                0x0000415d     0x14  Code  Gb  nRF5x_FIFO.o [1]
hfclk_stop              0x0000137b     0x18  Code  Lc  nrf_drv_clock.o [1]
interrupts_enable       0x00003987     0x40  Code  Gb  nrf_drv_uarte.o [1]
irq_handler_spim        0x000044c7     0x34  Code  Lc  nrf_drv_spi.o [1]
isSleep                 0x20021461      0x1  Data  Gb  main.o [1]
item_enqueue            0x000013c5     0x16  Code  Lc  nrf_drv_clock.o [1]
loop()                  0x00004dc5     0x5c  Code  Gb  main.o [1]
m_app_cdc_acm           0x00005228     0x20  Data  Gb  nRF5x_USB_CDC.o [1]
m_app_cdc_acm_data      0x200213b4     0x20  Data  Lc  nRF5x_USB_CDC.o [1]
m_app_msc               0x0000526c     0x2c  Data  Gb  nRF5x_USB_MSC.o [1]
m_app_msc_blkdevs       0x20000228      0x4  Data  Lc  nRF5x_USB_MSC.o [1]
m_app_msc_block         0x20020230    0x800  Data  Lc  nRF5x_USB_MSC.o [1]
m_app_msc_data          0x2002103c     0x94  Data  Lc  nRF5x_USB_MSC.o [1]
m_app_msc_dsc           0x00005988     0x18  Data  Lc  nRF5x_USB_MSC.o [1]
m_app_usbd_state        0x20021404      0x1  Data  Lc  app_usbd_core.o [1]
m_block_dev_ram         0x00005968     0x20  Data  Lc  nRF5x_USB_MSC.o [1]
m_block_dev_ram_buff    0x20000230  0x20000  Data  Lc  nRF5x_USB_MSC.o [1]
m_block_dev_ram_work    0x2002141c     0x10  Data  Lc  nRF5x_USB_MSC.o [1]
m_bus_suspend           0x20020f51      0x1  Data  Lc  nrf_drv_usbd.o [1]
m_cb                    0x200211cc     0x68  Data  Lc  nrf_drv_gpiote.o [1]
m_cb                    0x200210d0     0x90  Data  Lc  nrf_drv_spi.o [1]
m_cb                    0x20021284     0x48  Data  Lc  nrf_drv_spis.o [1]
m_cb                    0x20021234     0x50  Data  Lc  nrf_drv_twi.o [1]
m_cb                    0x2002130c     0x40  Data  Lc  nrf_drv_uarte.o [1]
m_cdc_acm_class_descriptors
                        0x000059f0     0x44  Data  Lc  nRF5x_USB_CDC.o [1]
m_clock_cb              0x200213e8     0x14  Data  Lc  nrf_drv_clock.o [1]
m_configuration_dsc     0x000030d4      0xc  Data  Lc  app_usbd_core.o [1]
m_core_methods          0x00005a9c     0x14  Data  Lc  app_usbd_core.o [1]
m_current_conf          0x20000000      0xc  Data  Lc  app_usbd.o [1]
m_descriptor_conf_feed_data
                        0x2002140c     0x10  Data  Lc  app_usbd_core.o [1]
m_device_dsc            0x000030c0     0x14  Data  Lc  app_usbd_core.o [1]
m_device_features_state
                        0x20021405      0x1  Data  Lc  app_usbd_core.o [1]
m_dma_pending           0x20020f53      0x1  Data  Lc  nrf_drv_usbd.o [1]
m_drv_state             0x2002138c      0x1  Data  Lc  nrf_drv_swi.o [1]
m_drv_state             0x20020f50      0x1  Data  Lc  nrf_drv_usbd.o [1]
m_ep0_handler_desc      0x200213fc      0x8  Data  Lc  app_usbd_core.o [1]
m_ep_consumer_state     0x20020fd0     0x6c  Data  Gb  nrf_drv_usbd.o [1]
m_ep_dma_waiting        0x20020f5c      0x4  Data  Lc  nrf_drv_usbd.o [1]
m_ep_feeder_state       0x20020f64     0x6c  Data  Gb  nrf_drv_usbd.o [1]
m_ep_ready              0x20020f58      0x4  Data  Lc  nrf_drv_usbd.o [1]
m_ep_state              0x20020e30    0x120  Data  Lc  nrf_drv_usbd.o [1]
m_epin_conf             0x200000f4     0x48  Data  Lc  app_usbd.o [1]
m_epout_conf            0x20000010     0x48  Data  Lc  app_usbd.o [1]
m_event_handler         0x20020f54      0x4  Data  Lc  nrf_drv_usbd.o [1]
m_event_queue_data      0x20000060     0x84  Data  Lc  app_usbd.o [1]
m_event_queue_inst      0x200000e4     0x10  Data  Lc  app_usbd.o [1]
m_in_critical_region    0x20021450      0x4  Data  Lc  app_util_platform.o [1]
m_isr                   0x000011a0     0x68  Data  Lc  nrf_drv_usbd.o [1]
m_last_setup_dir        0x20020f52      0x1  Data  Lc  nrf_drv_usbd.o [1]
m_p_first_cinst         0x20000058      0x4  Data  Lc  app_usbd.o [1]
m_p_first_sof_cinst     0x2000005c      0x4  Data  Lc  app_usbd.o [1]
m_pofwarn_handler       0x2002142c      0x4  Data  Lc  nrf_drv_power.o [1]
m_rwu_pending           0x20021408      0x4  Data  Lc  app_usbd_core.o [1]
m_rwu_registered_counter
                        0x20021460      0x1  Data  Lc  app_usbd.o [1]
m_rx_buffer             0x20020a30    0x400  Data  Lc  nRF5x_USB_CDC.o [1]
m_setup_data_handler_empty_desc
                        0x000030e4      0x8  Data  Lc  app_usbd_core.o [1]
m_setup_transfer_buff   0x200212cc     0x40  Data  Lc  app_usbd_core.o [1]
m_simulated_dataepstatus
                        0x20020f60      0x4  Data  Lc  nrf_drv_usbd.o [1]
m_sleepevt_handler      0x20021430      0x4  Data  Lc  nrf_drv_power.o [1]
m_string_dsc            0x200001d4     0x14  Data  Lc  app_usbd_string_desc.o [1]
m_string_translation    0x000031ec      0x8  Data  Lc  app_usbd_string_desc.o [1]
m_sustate               0x2000000c      0x1  Data  Lc  app_usbd.o [1]
m_swi_flags             0x20021390      0xc  Data  Lc  nrf_drv_swi.o [1]
m_swi_handlers          0x2002139c     0x18  Data  Lc  nrf_drv_swi.o [1]
m_tx_buffer             0x2002134c     0x40  Data  Lc  nrf_drv_usbd.o [1]
m_usbevt_handler        0x20021434      0x4  Data  Lc  nrf_drv_power.o [1]
main                    0x00004e45      0xc  Code  Gb  main.o [1]
millis                  0x00004e8d     0x10  Code  Gb  delay.o [1]
msc_blockdev_ev_handler
                        0x000023dd     0x3a  Code  Lc  app_usbd_msc.o [1]
msc_blockdev_read_done_handler
                        0x0000222b     0xc0  Code  Lc  app_usbd_msc.o [1]
msc_blockdev_write_done_handler
                        0x000022eb     0xf2  Code  Lc  app_usbd_msc.o [1]
msc_event_handler       0x000020e5    0x136  Code  Lc  app_usbd_msc.o [1]
msc_get_descriptors     0x00002223      0x8  Code  Lc  app_usbd_msc.o [1]
nRF5x_FIFO_get          0x000041db     0x1c  Code  Gb  nRF5x_FIFO.o [1]
nRF5x_FIFO_init         0x00004199     0x22  Code  Gb  nRF5x_FIFO.o [1]
nRF5x_FIFO_length       0x00004155      0x8  Code  Gb  nRF5x_FIFO.o [1]
nRF5x_FIFO_put          0x000041bb     0x20  Code  Gb  nRF5x_FIFO.o [1]
nRF5x_RTC_TIME_handler  0x000046bd     0x62  Code  Gb  nRF5x_RTC.o [1]
nRF5x_RTC_enableTime    0x0000471f     0x28  Code  Gb  nRF5x_RTC.o [1]
nRF5x_RTC_getSecond     0x00004759      0x6  Code  Gb  nRF5x_RTC.o [1]
nRF5x_RTC_init          0x00004571     0xb4  Code  Gb  nRF5x_RTC.o [1]
nRF5x_RTC_inited        0x20021454      0x4  Data  Gb  nRF5x_RTC.o [1]
nRF5x_RTC_resetTime     0x00004747      0x8  Code  Gb  nRF5x_RTC.o [1]
nRF5x_RTC_setAlarm      0x0000475f     0x14  Code  Gb  nRF5x_RTC.o [1]
nRF5x_RTC_setTimeValue  0x0000474f      0xa  Code  Gb  nRF5x_RTC.o [1]
nRF5x_RTC_start         0x00004625     0x10  Code  Gb  nRF5x_RTC.o [1]
nRF5x_SPI_0_handler     0x00004edf      0x6  Code  Gb  nRF5x_SPI.o [1]
nRF5x_SPI_1_handler     0x00004ee5      0x6  Code  Gb  nRF5x_SPI.o [1]
nRF5x_SPI_2_handler     0x00004eeb      0x6  Code  Gb  nRF5x_SPI.o [1]
nRF5x_SPI_3_handler     0x00004ef1      0x6  Code  Gb  nRF5x_SPI.o [1]
nRF5x_SPI_begin         0x00004f95     0x3c  Code  Gb  nRF5x_SPI.o [1]
nRF5x_SPI_handler       0x00004ed5      0xa  Code  Gb  nRF5x_SPI.o [1]
nRF5x_SPI_init          0x00004fd1     0x60  Code  Gb  nRF5x_SPI.o [1]
nRF5x_SPI_inited_flag   0x20021448      0x4  Data  Gb  nRF5x_SPI.o [1]
nRF5x_SPI_transfer      0x000050a5     0x20  Code  Gb  nRF5x_SPI.o [1]
nRF5x_SPI_wait_xfer     0x00004ef9     0x9c  Code  Gb  nRF5x_SPI.o [1]
nRF5x_SPI_writeRead     0x00005031     0x52  Code  Gb  nRF5x_SPI.o [1]
nRF5x_TWI_begin         0x000050c5     0x18  Code  Gb  nRF5x_TWI.o [1]
nRF5x_TWI_beginTransmission
                        0x00005197     0x30  Code  Gb  nRF5x_TWI.o [1]
nRF5x_TWI_deinit        0x00005125     0x2e  Code  Gb  nRF5x_TWI.o [1]
nRF5x_TWI_init          0x000050dd     0x48  Code  Gb  nRF5x_TWI.o [1]
nRF5x_TWI_inited_flag   0x2002145c      0x2  Data  Gb  nRF5x_TWI.o [1]
nRF5x_TWI_setFreq       0x00005153     0x2a  Code  Gb  nRF5x_TWI.o [1]
nRF5x_UART_0_handler    0x00003d93      0x6  Code  Gb  nRF5x_UART.o [1]
nRF5x_UART_1_handler    0x00003d99      0x6  Code  Gb  nRF5x_UART.o [1]
nRF5x_UART_attachCallback
                        0x00003f09     0x1a  Code  Gb  nRF5x_UART.o [1]
nRF5x_UART_callback     0x20021160     0x18  Data  Gb  nRF5x_UART.o [1]
nRF5x_UART_get          0x00003f7b     0x4c  Code  Gb  nRF5x_UART.o [1]
nRF5x_UART_handler      0x00003d09     0x8a  Code  Gb  nRF5x_UART.o [1]
nRF5x_UART_init         0x00003d9f    0x16a  Code  Gb  nRF5x_UART.o [1]
nRF5x_UART_inited_flag  0x20021178      0x2  Data  Gb  nRF5x_UART.o [1]
nRF5x_UART_put          0x00003fd3     0x80  Code  Gb  nRF5x_UART.o [1]
nRF5x_UART_read         0x00003f23     0x26  Code  Gb  nRF5x_UART.o [1]
nRF5x_UART_rx_buffer    0x200211bc      0x8  Data  Gb  nRF5x_UART.o [1]
nRF5x_UART_rx_fifo      0x2002117c     0x20  Data  Gb  nRF5x_UART.o [1]
nRF5x_UART_rx_ovf       0x2002117a      0x2  Data  Gb  nRF5x_UART.o [1]
nRF5x_UART_tx_buffer    0x200211c4      0x8  Data  Gb  nRF5x_UART.o [1]
nRF5x_UART_tx_fifo      0x2002119c     0x20  Data  Gb  nRF5x_UART.o [1]
nRF5x_UART_wait_tx      0x00004055     0xac  Code  Gb  nRF5x_UART.o [1]
nRF5x_UART_write        0x00003f49     0x32  Code  Gb  nRF5x_UART.o [1]
nRF5x_USB_CDC_init      0x00005209     0x20  Code  Gb  nRF5x_USB_CDC.o [1]
nRF5x_USB_MSC_init      0x0000524b     0x20  Code  Gb  nRF5x_USB_MSC.o [1]
nRF5x_USB_cdc_ev_handler
                        0x000051c9     0x3a  Code  Lc  nRF5x_USB_CDC.o [1]
nRF5x_USB_connected     0x00005421      0x6  Code  Gb  nRF5x_USB.o [1]
nRF5x_USB_connection_handle
                        0x00005427     0x1a  Code  Gb  nRF5x_USB.o [1]
nRF5x_USB_ev_handler    0x000053b9     0x18  Code  Gb  nRF5x_USB.o [1]
nRF5x_USB_handle        0x00005465     0x10  Code  Gb  nRF5x_USB.o [1]
nRF5x_USB_init          0x00005441     0x1a  Code  Gb  nRF5x_USB.o [1]
nRF5x_USB_isConnected   0x2002145e      0x1  Data  Gb  nRF5x_USB.o [1]
nRF5x_USB_msc_ev_handler
                        0x00005249      0x2  Code  Lc  nRF5x_USB_MSC.o [1]
nRF5x_USB_power_event_handler
                        0x000053d1     0x26  Code  Gb  nRF5x_USB.o [1]
nRF5x_USB_start         0x000053f7     0x18  Code  Gb  nRF5x_USB.o [1]
nRF5x_USB_stop          0x0000540f     0x12  Code  Gb  nRF5x_USB.o [1]
nRF5x_spi_config        0x20000144     0x50  Data  Gb  nRF5x_SPI.o [1]
nRF5x_twi_config        0x20000194     0x20  Data  Gb  nRF5x_TWI.o [1]
next_transfer_blkcnt_calc
                        0x00001a6f     0x16  Code  Lc  app_usbd_msc.o [1]
nrf_atfifo_init         0x00003229     0x26  Code  Gb  nrf_atfifo.o [1]
nrf_atfifo_item_alloc   0x00003251     0x44  Code  Gb  nrf_atfifo.o [1]
nrf_atfifo_item_free    0x0000330d     0x20  Code  Gb  nrf_atfifo.o [1]
nrf_atfifo_item_get     0x000032b5     0x46  Code  Gb  nrf_atfifo.o [1]
nrf_atfifo_item_put     0x00003295     0x20  Code  Gb  nrf_atfifo.o [1]
nrf_atomic_u32_and      0x00000279     0x18  Code  Lc  nrf_drv_usbd.o [1]
nrf_bitmask_bit_is_set  0x00004a8d     0x10  Code  Lc  nrf_drv_gpiote.o [1]
nrf_blk_dev_ioctl       0x000016fb      0x6  Code  Lc  app_usbd_msc.o [1]
nrf_blk_dev_read_req    0x000016b1     0x20  Code  Lc  app_usbd_msc.o [1]
nrf_blk_dev_write_req   0x000016d1     0x20  Code  Lc  app_usbd_msc.o [1]
nrf_block_device_ram_ops
                        0x00005b40     0x18  Data  Gb  nrf_block_dev_ram.o [1]
nrf_clock_event_check   0x00001355      0xe  Code  Lc  nrf_drv_clock.o [1]
nrf_clock_event_clear   0x00001341     0x14  Code  Lc  nrf_drv_clock.o [1]
nrf_clock_hf_is_running
                        0x00001363     0x18  Code  Lc  nrf_drv_clock.o [1]
nrf_delay_us            0x00003385     0x88  Code  Lc  nrf_drv_twi.o [1]
nrf_drv_clock_hfclk_release
                        0x00001479     0x16  Code  Gb  nrf_drv_clock.o [1]
nrf_drv_clock_hfclk_request
                        0x00001423     0x46  Code  Gb  nrf_drv_clock.o [1]
nrf_drv_clock_init      0x00001393     0x32  Code  Gb  nrf_drv_clock.o [1]
nrf_drv_clock_lfclk_request
                        0x000013db     0x48  Code  Gb  nrf_drv_clock.o [1]
nrf_drv_clock_onIRQ     0x000014bd     0x46  Code  Gb  nrf_drv_clock.o [1]
nrf_drv_common_irq_enable
                        0x000012f3     0x34  Code  Gb  nrf_drv_common.o [1]
nrf_drv_common_irq_enable_check
                        0x00000201     0x14  Code  Lc  nrf_drv_usbd.o [1]
nrf_drv_power_onIRQ     0x00001565     0x84  Code  Gb  nrf_drv_power.o [1]
nrf_drv_power_usbevt_init
                        0x00001537     0x1e  Code  Gb  nrf_drv_power.o [1]
nrf_drv_power_usbevt_uninit
                        0x00001555     0x10  Code  Gb  nrf_drv_power.o [1]
nrf_drv_spi0            0x200001b4      0x8  Data  Gb  nrf_drv_spi.o [1]
nrf_drv_spi1            0x200001bc      0x8  Data  Gb  nrf_drv_spi.o [1]
nrf_drv_spi2            0x200001c4      0x8  Data  Gb  nrf_drv_spi.o [1]
nrf_drv_spi3            0x200001cc      0x8  Data  Gb  nrf_drv_spi.o [1]
nrf_drv_spi_get_instance
                        0x0000427d     0x22  Code  Gb  nrf_drv_spi.o [1]
nrf_drv_spi_init        0x0000429f     0xfe  Code  Gb  nrf_drv_spi.o [1]
nrf_drv_spi_transfer    0x0000439d     0x1e  Code  Gb  nrf_drv_spi.o [1]
nrf_drv_spi_xfer        0x0000446d     0x5a  Code  Gb  nrf_drv_spi.o [1]
nrf_drv_swi_process     0x000059a1     0x1a  Code  Lc  nrf_drv_swi.o [1]
nrf_drv_systick_delay_ticks
                        0x000012b3     0x12  Code  Gb  nrf_drv_systick.o [1]
nrf_drv_systick_delay_us
                        0x000012c5      0xe  Code  Gb  nrf_drv_systick.o [1]
nrf_drv_systick_init    0x000012a5      0xe  Code  Gb  nrf_drv_systick.o [1]
nrf_drv_twi0            0x200001fc      0x8  Data  Gb  nrf_drv_twi.o [1]
nrf_drv_twi1            0x20000204      0x8  Data  Gb  nrf_drv_twi.o [1]
nrf_drv_twi_disable     0x000035a7     0x30  Code  Gb  nrf_drv_twi.o [1]
nrf_drv_twi_enable      0x0000358b     0x1c  Code  Gb  nrf_drv_twi.o [1]
nrf_drv_twi_get_instance
                        0x0000340d     0x12  Code  Gb  nrf_drv_twi.o [1]
nrf_drv_twi_init        0x000034bf     0x72  Code  Gb  nrf_drv_twi.o [1]
nrf_drv_twi_rx          0x000037ff     0x16  Code  Gb  nrf_drv_twi.o [1]
nrf_drv_twi_uninit      0x00003531     0x5a  Code  Gb  nrf_drv_twi.o [1]
nrf_drv_twi_xfer        0x000037e5     0x1a  Code  Gb  nrf_drv_twi.o [1]
nrf_drv_uart0           0x2000020c      0x8  Data  Gb  nrf_drv_uarte.o [1]
nrf_drv_uart1           0x20000214      0x8  Data  Gb  nrf_drv_uarte.o [1]
nrf_drv_uart_rx_for_uarte
                        0x00003ab5     0x94  Code  Gb  nrf_drv_uarte.o [1]
nrf_drv_uart_tx_for_uarte
                        0x00003a1f     0x52  Code  Gb  nrf_drv_uarte.o [1]
nrf_drv_uarte_get_instance
                        0x00003903     0x10  Code  Gb  nrf_drv_uarte.o [1]
nrf_drv_uarte_init      0x000039c7     0x4c  Code  Gb  nrf_drv_uarte.o [1]
nrf_drv_uarte_rx        0x00003b51     0x56  Code  Gb  nrf_drv_uarte.o [1]
nrf_drv_uarte_tx        0x00003a71     0x34  Code  Gb  nrf_drv_uarte.o [1]
nrf_drv_uarte_tx_in_progress
                        0x00003aa5     0x10  Code  Gb  nrf_drv_uarte.o [1]
nrf_drv_usbd_active_irq_config
                        0x00000d65      0x4  Code  Gb  nrf_drv_usbd.o [1]
nrf_drv_usbd_consumer   0x000002c5     0x34  Code  Gb  nrf_drv_usbd.o [1]
nrf_drv_usbd_disable    0x00000c5f     0x26  Code  Gb  nrf_drv_usbd.o [1]
nrf_drv_usbd_enable     0x00000bfb     0x64  Code  Gb  nrf_drv_usbd.o [1]
nrf_drv_usbd_ep_abort   0x000004bd      0x2  Code  Gb  nrf_drv_usbd.o [1]
nrf_drv_usbd_ep_disable
                        0x00000dfb     0x38  Code  Gb  nrf_drv_usbd.o [1]
nrf_drv_usbd_ep_dtoggle_clear
                        0x00000fbd      0x8  Code  Gb  nrf_drv_usbd.o [1]
nrf_drv_usbd_ep_enable  0x00000d8b     0x70  Code  Gb  nrf_drv_usbd.o [1]
nrf_drv_usbd_ep_enable_check
                        0x00000d87      0x4  Code  Gb  nrf_drv_usbd.o [1]
nrf_drv_usbd_ep_handled_transfer
                        0x00000ee9     0x60  Code  Gb  nrf_drv_usbd.o [1]
nrf_drv_usbd_ep_max_packet_size_get
                        0x00000d7d      0xa  Code  Gb  nrf_drv_usbd.o [1]
nrf_drv_usbd_ep_max_packet_size_set
                        0x00000d71      0xc  Code  Gb  nrf_drv_usbd.o [1]
nrf_drv_usbd_ep_stall   0x00000f93      0x4  Code  Gb  nrf_drv_usbd.o [1]
nrf_drv_usbd_ep_stall_check
                        0x00000f9b     0x1c  Code  Gb  nrf_drv_usbd.o [1]
nrf_drv_usbd_ep_stall_clear
                        0x00000f97      0x4  Code  Gb  nrf_drv_usbd.o [1]
nrf_drv_usbd_ep_status_get
                        0x00000f55     0x22  Code  Gb  nrf_drv_usbd.o [1]
nrf_drv_usbd_ep_to_int  0x00000291     0x1a  Code  Lc  nrf_drv_usbd.o [1]
nrf_drv_usbd_ep_transfer
                        0x00000e4d     0x96  Code  Gb  nrf_drv_usbd.o [1]
nrf_drv_usbd_epout_size_get
                        0x00000f77     0x1c  Code  Gb  nrf_drv_usbd.o [1]
nrf_drv_usbd_errata_type_52840_proto1
                        0x0000024f     0x2a  Code  Lc  nrf_drv_usbd.o [1]
nrf_drv_usbd_feeder_buffer_get
                        0x00000f51      0x4  Code  Gb  nrf_drv_usbd.o [1]
nrf_drv_usbd_feeder_flash
                        0x00000347     0x38  Code  Gb  nrf_drv_usbd.o [1]
nrf_drv_usbd_feeder_flash_zlp
                        0x0000037f     0x40  Code  Gb  nrf_drv_usbd.o [1]
nrf_drv_usbd_feeder_ram
                        0x000002f9     0x1c  Code  Gb  nrf_drv_usbd.o [1]
nrf_drv_usbd_feeder_ram_zlp
                        0x0000031d     0x2a  Code  Gb  nrf_drv_usbd.o [1]
nrf_drv_usbd_init       0x00000b79     0x74  Code  Gb  nrf_drv_usbd.o [1]
nrf_drv_usbd_is_enabled
                        0x00000cf1     0x12  Code  Gb  nrf_drv_usbd.o [1]
nrf_drv_usbd_last_setup_dir_get
                        0x00001043      0x6  Code  Gb  nrf_drv_usbd.o [1]
nrf_drv_usbd_setup_clear
                        0x00001037      0x6  Code  Gb  nrf_drv_usbd.o [1]
nrf_drv_usbd_setup_data_clear
                        0x0000100d     0x2a  Code  Gb  nrf_drv_usbd.o [1]
nrf_drv_usbd_setup_get  0x00000fd5     0x34  Code  Gb  nrf_drv_usbd.o [1]
nrf_drv_usbd_setup_stall
                        0x0000103d      0x6  Code  Gb  nrf_drv_usbd.o [1]
nrf_drv_usbd_start      0x00000c85     0x34  Code  Gb  nrf_drv_usbd.o [1]
nrf_drv_usbd_stop       0x00000cc5     0x2c  Code  Gb  nrf_drv_usbd.o [1]
nrf_drv_usbd_suspend    0x00000d03     0x34  Code  Gb  nrf_drv_usbd.o [1]
nrf_drv_usbd_suspend_irq_config
                        0x00000d5f      0x6  Code  Gb  nrf_drv_usbd.o [1]
nrf_drv_usbd_transfer_out_drop
                        0x0000104d     0x52  Code  Gb  nrf_drv_usbd.o [1]
nrf_drv_usbd_wakeup_req
                        0x00000d37     0x20  Code  Gb  nrf_drv_usbd.o [1]
nrf_gpio_cfg            0x00004213     0x30  Code  Lc  nrf_drv_spi.o [1]
nrf_gpio_cfg            0x00003893     0x30  Code  Lc  nrf_drv_uarte.o [1]
nrf_gpio_cfg(unsigned int, nrf_gpio_pin_dir_t, nrf_gpio_pin_input_t, nrf_gpio_pin_pull_t, nrf_gpio_pin_drive_t, nrf_gpio_pin_sense_t)
                        0x00005299     0x2e  Code  Lc  wirish_digital.o [1]
nrf_gpio_cfg_input      0x000038d5      0xe  Code  Lc  nrf_drv_uarte.o [1]
nrf_gpio_cfg_input(unsigned int, nrf_gpio_pin_pull_t)
                        0x000052c7     0x10  Code  Lc  wirish_digital.o [1]
nrf_gpio_cfg_output     0x00004243     0x16  Code  Lc  nrf_drv_spi.o [1]
nrf_gpio_cfg_output     0x000038c3     0x12  Code  Lc  nrf_drv_uarte.o [1]
nrf_gpio_cfg_sense_input(unsigned int, nrf_gpio_pin_pull_t, nrf_gpio_pin_sense_t)
                        0x000052d7      0xe  Code  Lc  wirish_digital.o [1]
nrf_gpio_cfg_sense_set  0x00004a3f     0x26  Code  Lc  nrf_drv_gpiote.o [1]
nrf_gpio_pin_clear      0x00004267      0xc  Code  Lc  nrf_drv_spi.o [1]
nrf_gpio_pin_clear      0x00003369     0x10  Code  Lc  nrf_drv_twi.o [1]
nrf_gpio_pin_clear(unsigned int)
                        0x000052f9      0xc  Code  Lc  wirish_digital.o [1]
nrf_gpio_pin_set        0x00004259      0xe  Code  Lc  nrf_drv_spi.o [1]
nrf_gpio_pin_set        0x00003357     0x12  Code  Lc  nrf_drv_twi.o [1]
nrf_gpio_pin_set        0x000038e9     0x1a  Code  Lc  nrf_drv_uarte.o [1]
nrf_gpio_pin_set(unsigned int)
                        0x000052eb      0xe  Code  Lc  wirish_digital.o [1]
nrf_gpio_pin_toggle(unsigned int)
                        0x0000530f     0x26  Code  Lc  wirish_digital.o [1]
nrf_gpio_pin_write(unsigned int, unsigned int)
                        0x00005335      0xa  Code  Lc  wirish_digital.o [1]
nrf_gpio_ports_read     0x00004a65     0x28  Code  Lc  nrf_drv_gpiote.o [1]
nrf_gpiote_event_clear  0x00004a27     0x18  Code  Lc  nrf_drv_gpiote.o [1]
nrf_gpiote_event_is_set
                        0x00004a19      0xe  Code  Lc  nrf_drv_gpiote.o [1]
nrf_power_event_get_and_clear
                        0x00001525     0x12  Code  Lc  nrf_drv_power.o [1]
nrf_rtc_event_clear     0x00004561     0x10  Code  Lc  nRF5x_RTC.o [1]
nrf_spim_event_check    0x00004209      0xa  Code  Lc  nrf_drv_spi.o [1]
nrf_spim_event_clear    0x000041f9     0x10  Code  Lc  nrf_drv_spi.o [1]
nrf_spis_event_check    0x00005621      0xa  Code  Lc  nrf_drv_spis.o [1]
nrf_spis_event_clear    0x00005611     0x10  Code  Lc  nrf_drv_spis.o [1]
nrf_spis_rx_buffer_set  0x00005631      0x4  Code  Lc  nrf_drv_spis.o [1]
nrf_spis_tx_buffer_set  0x0000562b      0x6  Code  Lc  nrf_drv_spis.o [1]
nrf_twim_event_check    0x0000333d      0xa  Code  Lc  nrf_drv_twi.o [1]
nrf_twim_event_clear    0x0000332d     0x10  Code  Lc  nrf_drv_twi.o [1]
nrf_twim_rx_buffer_set  0x0000334d      0x4  Code  Lc  nrf_drv_twi.o [1]
nrf_twim_tx_buffer_set  0x00003347      0x6  Code  Lc  nrf_drv_twi.o [1]
nrf_uarte_event_check   0x00003879      0xa  Code  Lc  nrf_drv_uarte.o [1]
nrf_uarte_event_clear   0x00003869     0x10  Code  Lc  nrf_drv_uarte.o [1]
nrf_uarte_hwfc_pins_set
                        0x00003889      0x4  Code  Lc  nrf_drv_uarte.o [1]
nrf_uarte_txrx_pins_set
                        0x00003883      0x6  Code  Lc  nrf_drv_uarte.o [1]
nrf_usbd_ep_enable_check
                        0x00000235     0x14  Code  Lc  nrf_drv_usbd.o [1]
nrf_usbd_epin_dma_handler
                        0x0000052d     0x32  Code  Lc  nrf_drv_usbd.o [1]
nrf_usbd_epout_dma_handler
                        0x0000055f     0x4e  Code  Lc  nrf_drv_usbd.o [1]
nrf_usbd_event_check    0x0000022d      0x8  Code  Lc  nrf_drv_usbd.o [1]
nrf_usbd_event_clear    0x00000221      0xc  Code  Lc  nrf_drv_usbd.o [1]
nrf_usbd_task_trigger   0x00000215      0xc  Code  Lc  nrf_drv_usbd.o [1]
pinMode(unsigned char, unsigned char)
                        0x00005355     0x60  Code  Gb  wirish_digital.o [1]
rtcCallback             0x200213dc      0xc  Data  Gb  nRF5x_RTC.o [1]
rx_done_event           0x00003ba7     0x1a  Code  Gb  nrf_drv_uarte.o [1]
setup()                 0x00004d4f     0x66  Code  Gb  main.o [1]
setup_data_handler_empty
                        0x00002b4f      0x4  Code  Lc  app_usbd_core.o [1]
setup_device_req_get_descriptor
                        0x00002c33     0xce  Code  Lc  app_usbd_core.o [1]
setup_device_req_get_status
                        0x00002bfb     0x38  Code  Lc  app_usbd_core.o [1]
setup_device_req_std    0x00002d01     0xd0  Code  Lc  app_usbd_core.o [1]
setup_event_handler     0x000048df     0x68  Code  Lc  app_usbd_cdc_acm.o [1]
setup_event_handler     0x0000193f     0x8e  Code  Lc  app_usbd_msc.o [1]
setup_req_class_out     0x00004825     0xba  Code  Lc  app_usbd_cdc_acm.o [1]
setup_req_class_out     0x000018f5     0x4a  Code  Lc  app_usbd_msc.o [1]
setup_req_std_out       0x00001879     0x6e  Code  Lc  app_usbd_msc.o [1]
spi_xfer_done           0x2002144c      0x4  Data  Lc  nRF5x_SPI.o [1]
spim_int_enable         0x000043bb     0x12  Code  Gb  nrf_drv_spi.o [1]
spim_list_enable_handle
                        0x000043cd     0x1a  Code  Gb  nrf_drv_spi.o [1]
spim_xfer               0x000043e7     0x86  Code  Lc  nrf_drv_spi.o [1]
spis_irq_handler        0x00005691     0x70  Code  Lc  nrf_drv_spis.o [1]
spis_state_change       0x0000568d      0x4  Code  Lc  nrf_drv_spis.o [1]
spis_state_entry_action_execute
                        0x0000563b     0x52  Code  Lc  nrf_drv_spis.o [1]
state_cbw               0x00001e79    0x13c  Code  Lc  app_usbd_msc.o [1]
state_data_in_handle    0x000019cd     0xa2  Code  Lc  app_usbd_msc.o [1]
state_data_out_handle   0x00001fbd     0x96  Code  Lc  app_usbd_msc.o [1]
status_cbwinvalid_start
                        0x00001875      0x4  Code  Lc  app_usbd_msc.o [1]
status_generic_error_stall
                        0x00001801     0x38  Code  Lc  app_usbd_msc.o [1]
status_unsupported_start
                        0x00001839     0x3c  Code  Lc  app_usbd_msc.o [1]
sustate_set             0x0000253d     0x76  Code  Lc  app_usbd.o [1]
systick_init            0x00004e5d     0x30  Code  Gb  delay.o [1]
systick_inited          0x20021440      0x1  Data  Gb  delay.o [1]
tickerTime              0x200001f4      0x4  Data  Gb  nRF5x_RTC.o [1]
transfer_in_start       0x000017bf      0xc  Code  Lc  app_usbd_msc.o [1]
transfer_out_start      0x000017cb      0xa  Code  Lc  app_usbd_msc.o [1]
twi_clear_bus           0x00003435     0x7a  Code  Gb  nrf_drv_twi.o [1]
twi_process_error       0x0000341f     0x16  Code  Gb  nrf_drv_twi.o [1]
twim_list_enable_handle
                        0x000035d7     0x1a  Code  Gb  nrf_drv_twi.o [1]
twim_xfer               0x000035f1    0x1da  Code  Gb  nrf_drv_twi.o [1]
tx_done_event           0x00003bc1     0x1e  Code  Gb  nrf_drv_uarte.o [1]
uart_0_handler()        0x00004c5d     0x14  Code  Gb  main.o [1]
uart_1_handler()        0x00004c71     0x12  Code  Gb  main.o [1]
uarte_irq_handler       0x00003bfb     0xd8  Code  Gb  nrf_drv_uarte.o [1]
uint16_big_decode       0x00001655      0xa  Code  Lc  app_usbd_msc.o [1]
uint32_big_decode       0x00001675     0x16  Code  Lc  app_usbd_msc.o [1]
uint32_decode           0x0000165f     0x16  Code  Lc  app_usbd_msc.o [1]
usbd_core_state_set     0x00002b39     0x16  Code  Lc  app_usbd_core.o [1]
usbd_descriptor_conf_feeder
                        0x00002b53     0xa8  Code  Lc  app_usbd_core.o [1]
usbd_descriptor_feeder_desc
                        0x000030ec      0x8  Data  Lc  app_usbd_core.o [1]
usbd_dma_start          0x000003f3     0x14  Code  Lc  nrf_drv_usbd.o [1]
usbd_dmareq_process     0x000008cd    0x150  Code  Lc  nrf_drv_usbd.o [1]
usbd_ep_abort           0x00000407     0x9e  Code  Lc  nrf_drv_usbd.o [1]
usbd_ep_abort_all       0x000004bf     0x2e  Code  Lc  nrf_drv_usbd.o [1]
usbd_ep_data_handler    0x00000731     0x3a  Code  Lc  nrf_drv_usbd.o [1]
user_event_handler      0x000047d3      0xa  Code  Lc  app_usbd_cdc_acm.o [1]
user_event_state_proc   0x00002475      0xe  Code  Lc  app_usbd.o [1]
wake()                  0x00004e2d      0x8  Code  Gb  main.o [1]


[1] = D:\Projects\Vega\nRF52840-Vega\IAR\Debug\Obj
[2] = command line
[3] = dl7M_tlf.a
[4] = m7M_tls.a
[5] = rt7M_tl.a

   23 082 bytes of readonly  code memory
      602 bytes of readonly  data memory
  144 483 bytes of readwrite data memory

Errors: none
Warnings: none
